---
source: crates/tests/databases-tests/src/cockroach/query_tests.rs
expression: result
---
[
  {
    "rows": [
      {
        "public_Album": {
          "rows": [
            {
              "album": "Meus Momentos",
              "public_Artist": {
                "rows": [
                  {
                    "artist": "Gonzaguinha"
                  }
                ]
              }
            }
          ]
        },
        "track": "Grito De Alerta"
      },
      {
        "public_Album": {
          "rows": [
            {
              "album": "Meus Momentos",
              "public_Artist": {
                "rows": [
                  {
                    "artist": "Gonzaguinha"
                  }
                ]
              }
            }
          ]
        },
        "track": "Não Dá Mais Pra Segurar (Explode Coração)"
      },
      {
        "public_Album": {
          "rows": [
            {
              "album": "Meus Momentos",
              "public_Artist": {
                "rows": [
                  {
                    "artist": "Gonzaguinha"
                  }
                ]
              }
            }
          ]
        },
        "track": "Começaria Tudo Outra Vez"
      },
      {
        "public_Album": {
          "rows": [
            {
              "album": "Meus Momentos",
              "public_Artist": {
                "rows": [
                  {
                    "artist": "Gonzaguinha"
                  }
                ]
              }
            }
          ]
        },
        "track": "O Que É O Que É ?"
      },
      {
        "public_Album": {
          "rows": [
            {
              "album": "Meus Momentos",
              "public_Artist": {
                "rows": [
                  {
                    "artist": "Gonzaguinha"
                  }
                ]
              }
            }
          ]
        },
        "track": "Sangrando"
      }
    ]
  }
]
