---
source: crates/tests/databases-tests/src/cockroach/explain_tests.rs
expression: result.details.query
---
EXPLAIN
SELECT
  coalesce(json_agg(row_to_json("%2_universe")), '[]') AS "universe"
FROM
  (
    SELECT
      *
    FROM
      (
        SELECT
          coalesce(json_agg(row_to_json("%3_rows")), '[]') AS "rows"
        FROM
          (
            SELECT
              "%1_Album"."Title" AS "Title"
            FROM
              (
                SELECT
                  "%0_Album".*
                FROM
                  "public"."Album" AS "%0_Album"
                WHERE
                  (
                    "%0_Album"."Title" NOT ILIKE cast($1 as "pg_catalog"."varchar")
                  )
                ORDER BY
                  "%0_Album"."AlbumId" ASC
                LIMIT
                  5
              ) AS "%1_Album"
          ) AS "%3_rows"
      ) AS "%3_rows"
  ) AS "%2_universe"
