---
source: crates/tests/databases-tests/src/citus/query_tests.rs
expression: result
---
[
  {
    "rows": [
      {
        "result": {
          "name": {
            "first_name": "John",
            "last_name": "Doe"
          },
          "address": {
            "address_line_1": "Somstreet 159",
            "address_line_2": "Second door to the right"
          }
        }
      }
    ]
  },
  {
    "rows": [
      {
        "result": {
          "name": {
            "first_name": "Jane",
            "last_name": "Doe"
          },
          "address": {
            "address_line_1": "Somstreet 159",
            "address_line_2": "Second door to the right"
          }
        }
      }
    ]
  }
]
