---
source: crates/tests/databases-tests/src/citus/query_tests.rs
expression: result
---
[
  {
    "rows": [
      {
        "Name": "Iron Maiden"
      },
      {
        "Name": "Metallica"
      },
      {
        "Name": "U2"
      },
      {
        "Name": "Led Zeppelin"
      },
      {
        "Name": "Deep Purple"
      }
    ]
  }
]
