---
source: crates/cli/tests/initialize_tests.rs
expression: contents
---
packagingDefinition:
  type: PrebuiltDockerImage
  dockerImage: ghcr.io/hasura/ndc-postgres:v1.2.3
supportedEnvironmentVariables:
- name: CONNECTION_URI
  description: The PostgreSQL connection URI
commands:
  update: hasura-ndc-postgres update
cliPlugin:
  name: ndc-postgres
  version: v1.2.3
