---
source: crates/cli/tests/initialize_tests.rs
expression: contents
---
version: v2
ndcSpecGeneration: v0.2
packagingDefinition:
  type: PrebuiltDockerImage
  dockerImage: ghcr.io/hasura/ndc-postgres:v1.2.3
supportedEnvironmentVariables:
- name: CONNECTION_URI
  description: The PostgreSQL connection URI
  defaultValue: postgresql://read_only_user:readonlyuser@35.236.11.122:5432/v3-docs-sample-app
- name: CLIENT_CERT
  description: The SSL client certificate (Optional)
  defaultValue: ''
- name: CLIENT_KEY
  description: The SSL client key (Optional)
  defaultValue: ''
- name: ROOT_CERT
  description: The SSL root certificate (Optional)
  defaultValue: ''
commands:
  update: hasura-ndc-postgres update
cliPlugin:
  name: ndc-postgres
  version: v1.2.3
dockerComposeWatch:
- path: ./
  target: /etc/connector
  action: sync+restart
nativeToolchainDefinition:
  commands:
    start:
      type: ShellScript
      bash: |-
        #!/usr/bin/env bash
        set -eu -o pipefail
        HASURA_CONFIGURATION_DIRECTORY="$HASURA_PLUGIN_CONNECTOR_CONTEXT_PATH" "$HASURA_DDN_NATIVE_CONNECTOR_DIR/ndc-postgres" serve
      powershell: |-
        $ErrorActionPreference = "Stop"
        $env:HASURA_CONFIGURATION_DIRECTORY="$env:HASURA_PLUGIN_CONNECTOR_CONTEXT_PATH"; & "$env:HASURA_DDN_NATIVE_CONNECTOR_DIR\ndc-postgres.exe" serve
    update:
      type: ShellScript
      bash: |-
        #!/usr/bin/env bash
        set -eu -o pipefail
        "$HASURA_DDN_NATIVE_CONNECTOR_PLUGIN_DIR/hasura-ndc-postgres" update
      powershell: |-
        $ErrorActionPreference = "Stop"
        & "$env:HASURA_DDN_NATIVE_CONNECTOR_PLUGIN_DIR\hasura-ndc-postgres.exe" update
    watch:
      type: ShellScript
      bash: |-
        #!/usr/bin/env bash
        echo "Watch is not supported for this connector"
        exit 1
      powershell: |-
        Write-Output "Watch is not supported for this connector"
        exit 1
