---
source: crates/ndc-citus/tests/query_tests.rs
expression: result
---
[
  {
    "rows": [
      {
        "Name": "Fanfare for the Common Man"
      },
      {
        "Name": "OAM's Blues"
      },
      {
        "Name": "\"Eine Kleine Nachtmusik\" Serenade In G, K. 525: I. Allegro"
      },
      {
        "Name": "Requiem, Op.48: 4. Pie Jesu"
      },
      {
        "Name": "Fantasia On Greensleeves"
      }
    ]
  }
]
