---
source: crates/ndc-citus/tests/query_tests.rs
expression: result
---
[
  {
    "rows": [
      {
        "Title": "Achtung Baby"
      },
      {
        "Title": "A Copland Celebration, Vol. I"
      },
      {
        "Title": "Acústico"
      },
      {
        "Title": "Acústico MTV"
      },
      {
        "Title": "Acústico MTV [Live]"
      }
    ]
  }
]
