---
source: crates/ndc-postgres/tests/query_tests.rs
expression: result
---
[
  {
    "rows": [
      {
        "AlbumId": 1,
        "Title": "For Those About To Rock We Salute You"
      },
      {
        "AlbumId": 2,
        "Title": "Balls to the Wall"
      },
      {
        "AlbumId": 3,
        "Title": "Restless and Wild"
      },
      {
        "AlbumId": 4,
        "Title": "Let There Be Rock"
      },
      {
        "AlbumId": 5,
        "Title": "Big Ones"
      }
    ]
  }
]
