---
source: crates/other-db-tests/src/aurora/query_tests.rs
expression: result
---
[
  {
    "rows": [
      {
        "AlbumId": 1,
        "Title": "For Those About To Rock We Salute You"
      },
      {
        "AlbumId": 2,
        "Title": "Balls to the Wall"
      },
      {
        "AlbumId": 3,
        "Title": "Restless and Wild"
      },
      {
        "AlbumId": 4,
        "Title": "Let There Be Rock"
      },
      {
        "AlbumId": 5,
        "Title": "Big Ones"
      },
      {
        "AlbumId": 7,
        "Title": "Facelift"
      },
      {
        "AlbumId": 8,
        "Title": "Warner 25 Anos"
      },
      {
        "AlbumId": 9,
        "Title": "Plays Metallica By Four Cellos"
      },
      {
        "AlbumId": 10,
        "Title": "Audioslave"
      },
      {
        "AlbumId": 11,
        "Title": "Out Of Exile"
      }
    ]
  }
]
