---
source: crates/other-db-tests/src/aurora/query_tests.rs
expression: result
---
[
  {
    "rows": [
      {
        "Name": "AC/DC"
      },
      {
        "Name": "Accept"
      },
      {
        "Name": "Aerosmith"
      },
      {
        "Name": "Alanis Morissette"
      },
      {
        "Name": "Alice In Chains"
      }
    ]
  }
]
