---
source: crates/other-db-tests/src/aurora/query_tests.rs
expression: result
---
[
  {
    "rows": [
      {
        "Title": "Let There Be Rock"
      },
      {
        "Title": "Big Ones"
      },
      {
        "Title": "Jagged Little Pill"
      },
      {
        "Title": "Facelift"
      },
      {
        "Title": "Warner 25 Anos"
      }
    ]
  }
]
