---
source: crates/connectors/ndc-postgres/tests/explain_tests.rs
expression: result.details.query
---
EXPLAIN
SELECT
  row_to_json("%1_universe") AS "universe"
FROM
  (
    SELECT
      *
    FROM
      (
        SELECT
          coalesce(json_agg(row_to_json("%2_rows")), '[]') AS "rows"
        FROM
          (
            SELECT
              "%0_Album"."Title" AS "Title"
            FROM
              "public"."Album" AS "%0_Album"
            WHERE
              (
                true
                AND (
                  "%0_Album"."Title" NOT ILIKE cast($1 as character varying)
                )
              )
            LIMIT
              5
          ) AS "%2_rows"
      ) AS "%2_rows"
  ) AS "%1_universe"
