---
source: crates/tests/other-db-tests/src/postgres/query_tests.rs
expression: result
---
[
  {
    "rows": [
      {
        "bool": true,
        "int2": 245,
        "int4": 24555,
        "int8": 245555555,
        "float4": 24.555,
        "float8": 2455.555,
        "numeric": 24.555,
        "char": "s",
        "varchar": "varchar string",
        "text": "textual text",
        "date": "2021-12-21",
        "time": "02:35:59",
        "timetz": "02:35:59-07",
        "timestamp": "2013-11-03T02:35:59",
        "timestamptz": "2013-11-03T09:35:59+00:00",
        "uuid": "7992fdfa-65b5-11ed-8612-6a8b11ef7372"
      }
    ]
  }
]
