---
source: crates/tests/other-db-tests/src/postgres/query_tests.rs
expression: result
---
[
  {
    "rows": [
      {
        "Name": "Accept",
        "Albums": {
          "aggregates": {
            "how_many_albums": 2
          }
        }
      },
      {
        "Name": "Aerosmith",
        "Albums": {
          "aggregates": {
            "how_many_albums": 1
          }
        }
      },
      {
        "Name": "Alanis Morissette",
        "Albums": {
          "aggregates": {
            "how_many_albums": 1
          }
        }
      },
      {
        "Name": "Alice In Chains",
        "Albums": {
          "aggregates": {
            "how_many_albums": 1
          }
        }
      },
      {
        "Name": "Antônio Carlos Jobim",
        "Albums": {
          "aggregates": {
            "how_many_albums": 2
          }
        }
      }
    ]
  }
]
