---
source: crates/query-engine/translation/tests/tests.rs
expression: result
---
SELECT
  coalesce(json_agg(row_to_json("%4_universe")), '[]') AS "universe"
FROM
  (
    SELECT
      *
    FROM
      (
        SELECT
          coalesce(row_to_json("%6_aggregates"), '[]') AS "aggregates"
        FROM
          (
            SELECT
              max("%3_Album"."ArtistId") AS "max_artist_id"
            FROM
              (
                SELECT
                  "%2_Album".*
                FROM
                  "public"."Album" AS "%2_Album"
              ) AS "%3_Album"
          ) AS "%6_aggregates"
      ) AS "%6_aggregates"
  ) AS "%4_universe";

{}
