---
source: crates/query-engine/translation/tests/tests.rs
expression: result
---
WITH "%1_NATIVE_QUERY_types" AS (
  WITH "%7_NATIVE_QUERY_types" AS (
    SELECT
      cast($1 as "pg_catalog"."date") as date,
      cast($2 as "pg_catalog"."time") as time,
      cast($3 as "pg_catalog"."timetz") as timetz,
      cast($4 as "pg_catalog"."timestamp") as timestamp,
      cast($5 as "pg_catalog"."timestamptz") as timestamptz
  )
  SELECT
    *
  FROM
    "%7_NATIVE_QUERY_types" AS "%8_NATIVE_QUERY_types"
)
SELECT
  coalesce(json_agg(row_to_json("%3_universe")), '[]') AS "universe"
FROM
  (
    SELECT
      *
    FROM
      (
        SELECT
          coalesce(json_agg(row_to_json("%4_rows")), '[]') AS "rows"
        FROM
          (
            SELECT
              "%2_types"."date" AS "date",
              "%2_types"."time" AS "time",
              "%2_types"."timetz" AS "timetz",
              "%2_types"."timestamp" AS "timestamp",
              "%2_types"."timestamptz" AS "timestamptz"
            FROM
              (
                SELECT
                  "%0_types".*
                FROM
                  "%1_NATIVE_QUERY_types" AS "%0_types"
              ) AS "%2_types"
          ) AS "%4_rows"
      ) AS "%4_rows"
  ) AS "%3_universe";

{
    1: String(
        "2021-12-21",
    ),
    2: String(
        "02:35:59",
    ),
    3: String(
        "02:35:59-07",
    ),
    4: String(
        "2013-11-03 02:35:59",
    ),
    5: String(
        "2013-11-03 02:35:59-07",
    ),
}
