---
source: crates/query-engine/translation/tests/tests.rs
expression: result
---
BEGIN
ISOLATION LEVEL READ COMMITTED READ WRITE;

WITH "%0_generated_mutation" AS (
  INSERT INTO
    "public"."Album"("AlbumId", "ArtistId", "Title")
  VALUES
    (348, 276, cast($1 as "pg_catalog"."varchar")) RETURNING *,
    false AS "%check__constraint"
)
SELECT
  (
    SELECT
      json_build_object(
        'result',
        row_to_json("%10_universe"),
        'type',
        $2
      ) AS "universe"
    FROM
      (
        SELECT
          *
        FROM
          (
            SELECT
              coalesce(json_agg(row_to_json("%11_returning")), '[]') AS "returning"
            FROM
              (
                SELECT
                  "%2_Album"."Title" AS "Title",
                  "%3_RELATIONSHIP_Artist"."Artist" AS "Artist"
                FROM
                  (
                    SELECT
                      "%1_Album".*
                    FROM
                      "%0_generated_mutation" AS "%1_Album"
                  ) AS "%2_Album"
                  LEFT OUTER JOIN LATERAL (
                    SELECT
                      row_to_json("%3_RELATIONSHIP_Artist") AS "Artist"
                    FROM
                      (
                        SELECT
                          *
                        FROM
                          (
                            SELECT
                              coalesce(json_agg(row_to_json("%6_rows")), '[]') AS "rows"
                            FROM
                              (
                                SELECT
                                  "%5_Artist"."Name" AS "Name"
                                FROM
                                  (
                                    SELECT
                                      "%4_Artist".*
                                    FROM
                                      "public"."Artist" AS "%4_Artist"
                                    WHERE
                                      ("%2_Album"."ArtistId" = "%4_Artist"."ArtistId")
                                  ) AS "%5_Artist"
                              ) AS "%6_rows"
                          ) AS "%6_rows"
                      ) AS "%3_RELATIONSHIP_Artist"
                  ) AS "%3_RELATIONSHIP_Artist" ON ('true')
              ) AS "%11_returning"
          ) AS "%11_returning"
          CROSS JOIN (
            SELECT
              COUNT(*) AS "affected_rows"
            FROM
              (
                SELECT
                  "%8_Album".*
                FROM
                  "%0_generated_mutation" AS "%8_Album"
              ) AS "%9_Album"
          ) AS "%12_aggregates"
      ) AS "%10_universe"
  ) AS "%results",
  (
    SELECT
      coalesce(
        bool_and("%13_v2_insert_Album"."%check__constraint"),
        true
      ) AS "%check__constraint"
    FROM
      "%0_generated_mutation" AS "%13_v2_insert_Album"
  ) AS "%check__constraint";

COMMIT;

[[(1, String("Lake Mannion")), (2, String("procedure"))]]
