---
source: crates/query-engine/translation/tests/tests.rs
expression: result
---
SELECT
  row_to_json("%4_universe") AS "universe"
FROM
  (
    SELECT
      *
    FROM
      (
        SELECT
          coalesce(json_agg(row_to_json("%5_rows")), '[]') AS "rows"
        FROM
          (
            SELECT
              "%0_track"."Name" AS "Name"
            FROM
              "public"."Track" AS "%0_track"
              LEFT OUTER JOIN LATERAL (
                SELECT
                  "%2_ORDER_PART_artist"."Name" AS "name"
                FROM
                  (
                    SELECT
                      "%1_ORDER_PART_album"."ArtistId" AS "ArtistId"
                    FROM
                      "public"."Album" AS "%1_ORDER_PART_album"
                    WHERE
                      (
                        true
                        AND (
                          "%0_track"."AlbumId" = "%1_ORDER_PART_album"."AlbumId"
                        )
                      )
                  ) AS "%1_ORDER_PART_album"
                  LEFT OUTER JOIN LATERAL (
                    SELECT
                      "%2_ORDER_PART_artist"."Name" AS "Name"
                    FROM
                      "public"."Artist" AS "%2_ORDER_PART_artist"
                    WHERE
                      (
                        true
                        AND (
                          "%1_ORDER_PART_album"."ArtistId" = "%2_ORDER_PART_artist"."ArtistId"
                        )
                      )
                  ) AS "%2_ORDER_PART_artist" ON ('true')
              ) AS "%3_ORDER_FOR_track" ON ('true')
            ORDER BY
              "%3_ORDER_FOR_track"."name" ASC
          ) AS "%5_rows"
      ) AS "%5_rows"
  ) AS "%4_universe"

[]
