---
source: crates/query-engine/translation/tests/tests.rs
expression: result
---
SELECT
  coalesce(json_agg(row_to_json("%4_universe")), '[]') AS "universe"
FROM
  (
    SELECT
      *
    FROM
      (
        SELECT
          coalesce(json_agg(row_to_json("%5_rows")), '[]') AS "rows"
        FROM
          (
            SELECT
              "%1_Track"."Name" AS "Name"
            FROM
              (
                SELECT
                  "%0_Track".*
                FROM
                  "public"."Track" AS "%0_Track"
              ) AS "%1_Track"
              LEFT OUTER JOIN LATERAL (
                SELECT
                  "%2_ORDER_PART_Album"."ArtistId" AS "ArtistId",
                  "%2_ORDER_PART_Album"."Title" AS "Title"
                FROM
                  (
                    SELECT
                      "%2_ORDER_PART_Album"."ArtistId" AS "ArtistId",
                      "%2_ORDER_PART_Album"."Title" AS "Title"
                    FROM
                      "public"."Album" AS "%2_ORDER_PART_Album"
                    WHERE
                      (
                        "%1_Track"."AlbumId" = "%2_ORDER_PART_Album"."AlbumId"
                      )
                  ) AS "%2_ORDER_PART_Album"
              ) AS "%3_ORDER_FOR_Track" ON ('true')
            ORDER BY
              "%3_ORDER_FOR_Track"."ArtistId" ASC,
              "%1_Track"."Name" ASC,
              "%3_ORDER_FOR_Track"."Title" ASC
            LIMIT
              5
          ) AS "%5_rows"
      ) AS "%5_rows"
  ) AS "%4_universe";

{}
