---
source: crates/query-engine/translation/tests/tests.rs
expression: result
---
WITH "%3_Track" AS (
  SELECT
    "%0_Track".*
  FROM
    "public"."Track" AS "%0_Track"
    LEFT OUTER JOIN LATERAL (
      SELECT
        "%1_ORDER_PART_Album"."ArtistId" AS "ArtistId",
        "%1_ORDER_PART_Album"."Title" AS "Title"
      FROM
        (
          SELECT
            "%1_ORDER_PART_Album"."ArtistId" AS "ArtistId",
            "%1_ORDER_PART_Album"."Title" AS "Title"
          FROM
            "public"."Album" AS "%1_ORDER_PART_Album"
          WHERE
            (
              "%0_Track"."AlbumId" = "%1_ORDER_PART_Album"."AlbumId"
            )
        ) AS "%1_ORDER_PART_Album"
    ) AS "%2_ORDER_FOR_Track" ON ('true')
  ORDER BY
    "%2_ORDER_FOR_Track"."ArtistId" ASC,
    "%0_Track"."Name" ASC,
    "%2_ORDER_FOR_Track"."Title" ASC
  LIMIT
    5
)
SELECT
  coalesce(json_agg(row_to_json("%7_universe")), '[]') AS "universe"
FROM
  (
    SELECT
      *
    FROM
      (
        SELECT
          coalesce(json_agg(row_to_json("%8_rows")), '[]') AS "rows"
        FROM
          (
            SELECT
              "%4_Track"."Name" AS "Name"
            FROM
              "%3_Track" AS "%4_Track"
              LEFT OUTER JOIN LATERAL (
                SELECT
                  "%5_ORDER_PART_Album"."ArtistId" AS "ArtistId",
                  "%5_ORDER_PART_Album"."Title" AS "Title"
                FROM
                  (
                    SELECT
                      "%5_ORDER_PART_Album"."ArtistId" AS "ArtistId",
                      "%5_ORDER_PART_Album"."Title" AS "Title"
                    FROM
                      "public"."Album" AS "%5_ORDER_PART_Album"
                    WHERE
                      (
                        "%4_Track"."AlbumId" = "%5_ORDER_PART_Album"."AlbumId"
                      )
                  ) AS "%5_ORDER_PART_Album"
              ) AS "%6_ORDER_FOR_Track" ON ('true')
            ORDER BY
              "%6_ORDER_FOR_Track"."ArtistId" ASC,
              "%4_Track"."Name" ASC,
              "%6_ORDER_FOR_Track"."Title" ASC
          ) AS "%8_rows"
      ) AS "%8_rows"
  ) AS "%7_universe";

{}
