---
source: crates/query-engine/translation/tests/tests.rs
expression: result
---
WITH "%1_NATIVE_QUERY_array_series" AS (
  WITH "%8_NATIVE_QUERY_array_series" AS (
    SELECT
      array_agg(arr.series) AS series
    FROM
      (
        SELECT
          generate_series(1, 5) AS series
      ) AS arr
  )
  SELECT
    *
  FROM
    "%8_NATIVE_QUERY_array_series" AS "%9_NATIVE_QUERY_array_series"
),
"%2_array_series" AS (
  SELECT
    "%0_array_series".*
  FROM
    "%1_NATIVE_QUERY_array_series" AS "%0_array_series"
)
SELECT
  coalesce(json_agg(row_to_json("%4_universe")), '[]') AS "universe"
FROM
  (
    SELECT
      *
    FROM
      (
        SELECT
          coalesce(json_agg(row_to_json("%5_rows")), '[]') AS "rows"
        FROM
          (
            SELECT
              "%3_array_series"."series" AS "series"
            FROM
              "%2_array_series" AS "%3_array_series"
          ) AS "%5_rows"
      ) AS "%5_rows"
  ) AS "%4_universe";

{}
