---
source: crates/query-engine/translation/tests/tests.rs
expression: result
---
WITH "%3_Artist" AS (
  SELECT
    "%0_Artist".*
  FROM
    "public"."Artist" AS "%0_Artist"
    LEFT OUTER JOIN LATERAL (
      SELECT
        COUNT("%1_ORDER_PART_Album"."count") AS "count"
      FROM
        (
          SELECT
            1 AS "count"
          FROM
            "public"."Album" AS "%1_ORDER_PART_Album"
          WHERE
            (
              "%0_Artist"."ArtistId" = "%1_ORDER_PART_Album"."ArtistId"
            )
        ) AS "%1_ORDER_PART_Album"
    ) AS "%2_ORDER_FOR_Artist" ON ('true')
  ORDER BY
    "%2_ORDER_FOR_Artist"."count" DESC
  LIMIT
    5
)
SELECT
  coalesce(json_agg(row_to_json("%7_universe")), '[]') AS "universe"
FROM
  (
    SELECT
      *
    FROM
      (
        SELECT
          coalesce(json_agg(row_to_json("%8_rows")), '[]') AS "rows"
        FROM
          (
            SELECT
              "%4_Artist"."Name" AS "Name"
            FROM
              "%3_Artist" AS "%4_Artist"
              LEFT OUTER JOIN LATERAL (
                SELECT
                  COUNT("%5_ORDER_PART_Album"."count") AS "count"
                FROM
                  (
                    SELECT
                      1 AS "count"
                    FROM
                      "public"."Album" AS "%5_ORDER_PART_Album"
                    WHERE
                      (
                        "%4_Artist"."ArtistId" = "%5_ORDER_PART_Album"."ArtistId"
                      )
                  ) AS "%5_ORDER_PART_Album"
              ) AS "%6_ORDER_FOR_Artist" ON ('true')
            ORDER BY
              "%6_ORDER_FOR_Artist"."count" DESC
          ) AS "%8_rows"
      ) AS "%8_rows"
  ) AS "%7_universe";

{}
