---
source: crates/query-engine/translation/tests/tests.rs
expression: result
---
WITH "%1_Artist" AS (
  SELECT
    "%0_Artist".*
  FROM
    "public"."Artist" AS "%0_Artist"
  LIMIT
    5
)
SELECT
  coalesce(json_agg(row_to_json("%15_universe")), '[]') AS "universe"
FROM
  (
    SELECT
      *
    FROM
      (
        SELECT
          coalesce(json_agg(row_to_json("%16_rows")), '[]') AS "rows"
        FROM
          (
            SELECT
              "%3_RELATIONSHIP_albums"."albums" AS "albums",
              "%4_RELATIONSHIP_Albums"."Albums" AS "Albums"
            FROM
              "%1_Artist" AS "%2_Artist"
              LEFT OUTER JOIN LATERAL (
                WITH "%6_Album" AS (
                  SELECT
                    "%5_Album".*
                  FROM
                    "public"."Album" AS "%5_Album"
                  WHERE
                    ("%2_Artist"."ArtistId" = "%5_Album"."ArtistId")
                )
                SELECT
                  row_to_json("%3_RELATIONSHIP_albums") AS "albums"
                FROM
                  (
                    SELECT
                      *
                    FROM
                      (
                        SELECT
                          coalesce(json_agg(row_to_json("%8_rows")), '[]') AS "rows"
                        FROM
                          (
                            SELECT
                              "%7_Album"."Title" AS "title"
                            FROM
                              "%6_Album" AS "%7_Album"
                          ) AS "%8_rows"
                      ) AS "%8_rows"
                  ) AS "%3_RELATIONSHIP_albums"
              ) AS "%3_RELATIONSHIP_albums" ON ('true')
              LEFT OUTER JOIN LATERAL (
                WITH "%11_Album" AS (
                  SELECT
                    "%10_Album".*
                  FROM
                    "public"."Album" AS "%10_Album"
                  WHERE
                    ("%2_Artist"."ArtistId" = "%10_Album"."ArtistId")
                )
                SELECT
                  row_to_json("%4_RELATIONSHIP_Albums") AS "Albums"
                FROM
                  (
                    SELECT
                      *
                    FROM
                      (
                        SELECT
                          coalesce(json_agg(row_to_json("%13_rows")), '[]') AS "rows"
                        FROM
                          (
                            SELECT
                              "%12_Album"."Title" AS "title"
                            FROM
                              "%11_Album" AS "%12_Album"
                          ) AS "%13_rows"
                      ) AS "%13_rows"
                  ) AS "%4_RELATIONSHIP_Albums"
              ) AS "%4_RELATIONSHIP_Albums" ON ('true')
          ) AS "%16_rows"
      ) AS "%16_rows"
  ) AS "%15_universe";

{}
