---
source: crates/query-engine/translation/tests/tests.rs
expression: result
---
SELECT
  coalesce(json_agg(row_to_json("%4_universe")), '[]') AS "universe"
FROM
  (
    SELECT
      *
    FROM
      (
        SELECT
          coalesce(json_agg(row_to_json("%5_rows")), '[]') AS "rows"
        FROM
          (
            SELECT
              "%1_Artist"."Name" AS "Name"
            FROM
              (
                SELECT
                  "%0_Artist".*
                FROM
                  "public"."Artist" AS "%0_Artist"
              ) AS "%1_Artist"
              LEFT OUTER JOIN LATERAL (
                SELECT
                  count("%2_ORDER_PART_Album"."AlbumId") AS "AlbumId"
                FROM
                  (
                    SELECT
                      "%2_ORDER_PART_Album"."AlbumId" AS "AlbumId"
                    FROM
                      "public"."Album" AS "%2_ORDER_PART_Album"
                    WHERE
                      (
                        "%1_Artist"."ArtistId" = "%2_ORDER_PART_Album"."ArtistId"
                      )
                  ) AS "%2_ORDER_PART_Album"
              ) AS "%3_ORDER_FOR_Artist" ON ('true')
            ORDER BY
              "%3_ORDER_FOR_Artist"."AlbumId" DESC
            LIMIT
              3
          ) AS "%5_rows"
      ) AS "%5_rows"
  ) AS "%4_universe";

{}
