---
source: crates/query-engine/translation/tests/tests.rs
expression: result
---
SELECT
  coalesce(json_agg(row_to_json("%6_universe")), '[]') AS "universe"
FROM
  (
    SELECT
      *
    FROM
      (
        SELECT
          coalesce(json_agg(row_to_json("%7_rows")), '[]') AS "rows"
        FROM
          (
            SELECT
              "%0_Artist"."Name" AS "title",
              "%1_RELATIONSHIP_albums"."albums" AS "albums"
            FROM
              "public"."Artist" AS "%0_Artist"
              LEFT OUTER JOIN LATERAL (
                SELECT
                  row_to_json("%1_RELATIONSHIP_albums") AS "albums"
                FROM
                  (
                    SELECT
                      *
                    FROM
                      (
                        SELECT
                          coalesce(json_agg(row_to_json("%4_rows")), '[]') AS "rows"
                        FROM
                          (
                            SELECT
                              "%3_Album"."Title" AS "title"
                            FROM
                              "public"."Album" AS "%3_Album"
                            WHERE
                              ("%0_Artist"."ArtistId" = "%3_Album"."ArtistId")
                            ORDER BY
                              "%3_Album"."AlbumId" ASC
                          ) AS "%4_rows"
                      ) AS "%4_rows"
                  ) AS "%1_RELATIONSHIP_albums"
              ) AS "%1_RELATIONSHIP_albums" ON ('true')
            WHERE
              EXISTS (
                SELECT
                  1 AS "one"
                FROM
                  "public"."Album" AS "%2_Album"
                WHERE
                  (
                    (
                      "%2_Album"."Title" LIKE cast($1 as "pg_catalog"."varchar")
                    )
                    AND ("%0_Artist"."ArtistId" = "%2_Album"."ArtistId")
                  )
              )
            ORDER BY
              "%0_Artist"."ArtistId" ASC
          ) AS "%7_rows"
      ) AS "%7_rows"
  ) AS "%6_universe";

{
    1: String(
        "Supernatural",
    ),
}
