---
source: crates/query-engine/translation/tests/tests.rs
expression: result
---
WITH "%1_NATIVE_QUERY_artist" AS (
  WITH "%8_NATIVE_QUERY_artist" AS (
    SELECT
      *
    FROM
      public."Artist"
  )
  SELECT
    *
  FROM
    "%8_NATIVE_QUERY_artist" AS "%9_NATIVE_QUERY_artist"
),
"%2_artist" AS (
  SELECT
    "%0_artist".*
  FROM
    "%1_NATIVE_QUERY_artist" AS "%0_artist"
)
SELECT
  coalesce(json_agg(row_to_json("%4_universe")), '[]') AS "universe"
FROM
  (
    SELECT
      *
    FROM
      (
        SELECT
          coalesce(json_agg(row_to_json("%5_rows")), '[]') AS "rows"
        FROM
          (
            SELECT
              "%3_artist"."Name" AS "Name"
            FROM
              "%2_artist" AS "%3_artist"
          ) AS "%5_rows"
      ) AS "%5_rows"
  ) AS "%4_universe";

{}
