---
source: crates/query-engine/translation/tests/tests.rs
expression: result
---
WITH "%1_Artist" AS (
  SELECT
    "%0_Artist".*
  FROM
    "public"."Artist" AS "%0_Artist"
  LIMIT
    5
)
SELECT
  coalesce(json_agg(row_to_json("%9_universe")), '[]') AS "universe"
FROM
  (
    SELECT
      *
    FROM
      (
        SELECT
          coalesce(json_agg(row_to_json("%10_rows")), '[]') AS "rows"
        FROM
          (
            SELECT
              "%3_RELATIONSHIP_Albums"."Albums" AS "Albums"
            FROM
              "%1_Artist" AS "%2_Artist"
              LEFT OUTER JOIN LATERAL (
                WITH "%5_Album" AS (
                  SELECT
                    "%4_Album".*
                  FROM
                    "public"."Album" AS "%4_Album"
                  WHERE
                    ("%2_Artist"."ArtistId" = "%4_Album"."ArtistId")
                )
                SELECT
                  row_to_json("%3_RELATIONSHIP_Albums") AS "Albums"
                FROM
                  (
                    SELECT
                      *
                    FROM
                      (
                        SELECT
                          coalesce(json_agg(row_to_json("%7_rows")), '[]') AS "rows"
                        FROM
                          (
                            SELECT
                              "%6_Album"."Title" AS "title"
                            FROM
                              "%5_Album" AS "%6_Album"
                          ) AS "%7_rows"
                      ) AS "%7_rows"
                  ) AS "%3_RELATIONSHIP_Albums"
              ) AS "%3_RELATIONSHIP_Albums" ON ('true')
          ) AS "%10_rows"
      ) AS "%10_rows"
  ) AS "%9_universe";

{}
