---
source: crates/query-engine/translation/tests/tests.rs
expression: result
---
SELECT
  coalesce(json_agg(row_to_json("%3_universe")), '[]') AS "universe"
FROM
  (
    SELECT
      *
    FROM
      (
        SELECT
          coalesce(json_agg(row_to_json("%4_rows")), '[]') AS "rows"
        FROM
          (
            SELECT
              "%2_album"."Title" AS "title"
            FROM
              (
                SELECT
                  "%0_album".*
                FROM
                  "public"."Album" AS "%0_album"
                WHERE
                  EXISTS (
                    SELECT
                      1 AS "one"
                    FROM
                      "public"."Artist" AS "%1_artist"
                    WHERE
                      (
                        (
                          "%1_artist"."Name" = cast($1 as "pg_catalog"."varchar")
                        )
                        AND ("%1_artist"."ArtistId" = "%0_album"."ArtistId")
                      )
                  )
              ) AS "%2_album"
          ) AS "%4_rows"
      ) AS "%4_rows"
  ) AS "%3_universe";

{
    1: String(
        "Gilberto Gil",
    ),
}
