---
source: crates/query-engine/translation/tests/tests.rs
expression: result
---
WITH "%1_NATIVE_QUERY_make_person" AS (
  WITH "%17_NATIVE_QUERY_make_person" AS (
    SELECT
      ROW(
        jsonb_populate_record(cast(null as "public"."person_name"), $1),
        jsonb_populate_record(cast(null as "public"."person_address"), $2)
      ) :: person as result
  )
  SELECT
    *
  FROM
    "%17_NATIVE_QUERY_make_person" AS "%18_NATIVE_QUERY_make_person"
),
"%2_make_person" AS (
  SELECT
    "%0_make_person".*
  FROM
    "%1_NATIVE_QUERY_make_person" AS "%0_make_person"
)
SELECT
  coalesce(json_agg(row_to_json("%13_universe")), '[]') AS "universe"
FROM
  (
    SELECT
      *
    FROM
      (
        SELECT
          coalesce(json_agg(row_to_json("%14_rows")), '[]') AS "rows"
        FROM
          (
            SELECT
              "%12_nested_fields_collect"."collected" AS "result"
            FROM
              "%2_make_person" AS "%3_make_person"
              LEFT OUTER JOIN LATERAL (
                SELECT
                  row_to_json("%4_nested_fields") AS "collected"
                FROM
                  (
                    SELECT
                      "%8_nested_fields_collect"."collected" AS "address",
                      "%11_nested_fields_collect"."collected" AS "name"
                    FROM
                      (
                        SELECT
                          ("%3_make_person"."result").*
                      ) AS "%5_nested_field_binding"
                      LEFT OUTER JOIN LATERAL (
                        SELECT
                          row_to_json("%6_nested_fields") AS "collected"
                        FROM
                          (
                            SELECT
                              "%7_nested_field_binding"."address_line_1" AS "address_line_1",
                              "%7_nested_field_binding"."address_line_2" AS "address_line_2"
                            FROM
                              (
                                SELECT
                                  ("%5_nested_field_binding"."address").*
                              ) AS "%7_nested_field_binding"
                          ) AS "%6_nested_fields"
                      ) AS "%8_nested_fields_collect" ON ('true')
                      LEFT OUTER JOIN LATERAL (
                        SELECT
                          row_to_json("%9_nested_fields") AS "collected"
                        FROM
                          (
                            SELECT
                              "%10_nested_field_binding"."first_name" AS "first_name",
                              "%10_nested_field_binding"."last_name" AS "last_name"
                            FROM
                              (
                                SELECT
                                  ("%5_nested_field_binding"."name").*
                              ) AS "%10_nested_field_binding"
                          ) AS "%9_nested_fields"
                      ) AS "%11_nested_fields_collect" ON ('true')
                  ) AS "%4_nested_fields"
              ) AS "%12_nested_fields_collect" ON ('true')
          ) AS "%14_rows"
      ) AS "%14_rows"
  ) AS "%13_universe";

{
    1: Value(
        Object {
            "first_name": String("John"),
            "last_name": String("Doe"),
        },
    ),
    2: Value(
        Object {
            "address_line_1": String("Somstreet 159"),
            "address_line_2": String("Second door to the right"),
        },
    ),
}
