---
source: crates/query-engine/translation/tests/tests.rs
expression: result
---
SELECT
  coalesce(json_agg(row_to_json("%5_universe")), '[]') AS "universe"
FROM
  (
    SELECT
      *
    FROM
      (
        SELECT
          coalesce(json_agg(row_to_json("%6_rows")), '[]') AS "rows"
        FROM
          (
            SELECT
              "%4_track"."Name" AS "Name"
            FROM
              (
                SELECT
                  "%0_track".*
                FROM
                  "public"."Track" AS "%0_track"
                  LEFT OUTER JOIN LATERAL (
                    SELECT
                      "%2_ORDER_PART_artist"."Name" AS "Name"
                    FROM
                      (
                        SELECT
                          "%1_ORDER_PART_album"."ArtistId" AS "ArtistId"
                        FROM
                          "public"."Album" AS "%1_ORDER_PART_album"
                        WHERE
                          (
                            "%0_track"."AlbumId" = "%1_ORDER_PART_album"."AlbumId"
                          )
                      ) AS "%1_ORDER_PART_album"
                      LEFT OUTER JOIN LATERAL (
                        SELECT
                          "%2_ORDER_PART_artist"."Name" AS "Name"
                        FROM
                          "public"."Artist" AS "%2_ORDER_PART_artist"
                        WHERE
                          (
                            "%1_ORDER_PART_album"."ArtistId" = "%2_ORDER_PART_artist"."ArtistId"
                          )
                      ) AS "%2_ORDER_PART_artist" ON ('true')
                  ) AS "%3_ORDER_FOR_track" ON ('true')
                ORDER BY
                  "%3_ORDER_FOR_track"."Name" ASC
              ) AS "%4_track"
          ) AS "%6_rows"
      ) AS "%6_rows"
  ) AS "%5_universe";

{}
