---
source: crates/query-engine/translation/tests/tests.rs
expression: result
---
WITH "%1_NATIVE_QUERY_make_person" AS (
  WITH "%16_NATIVE_QUERY_make_person" AS (
    SELECT
      ROW(
        jsonb_populate_record(cast(null as "public"."person_name"), $1),
        jsonb_populate_record(cast(null as "public"."person_address"), $2)
      ) :: person as result
  )
  SELECT
    *
  FROM
    "%16_NATIVE_QUERY_make_person" AS "%17_NATIVE_QUERY_make_person"
)
SELECT
  coalesce(json_agg(row_to_json("%12_universe")), '[]') AS "universe"
FROM
  (
    SELECT
      *
    FROM
      (
        SELECT
          coalesce(json_agg(row_to_json("%13_rows")), '[]') AS "rows"
        FROM
          (
            SELECT
              "%11_nested_fields_collect"."collected" AS "result"
            FROM
              (
                SELECT
                  "%0_make_person".*
                FROM
                  "%1_NATIVE_QUERY_make_person" AS "%0_make_person"
              ) AS "%2_make_person"
              LEFT OUTER JOIN LATERAL (
                SELECT
                  row_to_json("%3_nested_fields") AS "collected"
                FROM
                  (
                    SELECT
                      "%7_nested_fields_collect"."collected" AS "address",
                      "%10_nested_fields_collect"."collected" AS "name"
                    FROM
                      (
                        SELECT
                          ("%2_make_person"."result").*
                      ) AS "%4_make_person.result"
                      LEFT OUTER JOIN LATERAL (
                        SELECT
                          row_to_json("%5_nested_fields") AS "collected"
                        FROM
                          (
                            SELECT
                              "%6_make_person.result.address"."address_line_1" AS "address_line_1",
                              "%6_make_person.result.address"."address_line_2" AS "address_line_2"
                            FROM
                              (
                                SELECT
                                  ("%4_make_person.result"."address").*
                              ) AS "%6_make_person.result.address"
                          ) AS "%5_nested_fields"
                      ) AS "%7_nested_fields_collect" ON ('true')
                      LEFT OUTER JOIN LATERAL (
                        SELECT
                          row_to_json("%8_nested_fields") AS "collected"
                        FROM
                          (
                            SELECT
                              "%9_make_person.result.name"."first_name" AS "first_name",
                              "%9_make_person.result.name"."last_name" AS "last_name"
                            FROM
                              (
                                SELECT
                                  ("%4_make_person.result"."name").*
                              ) AS "%9_make_person.result.name"
                          ) AS "%8_nested_fields"
                      ) AS "%10_nested_fields_collect" ON ('true')
                  ) AS "%3_nested_fields"
              ) AS "%11_nested_fields_collect" ON ('true')
          ) AS "%13_rows"
      ) AS "%13_rows"
  ) AS "%12_universe";

{
    1: Value(
        Object {
            "first_name": String("John"),
            "last_name": String("Doe"),
        },
    ),
    2: Value(
        Object {
            "address_line_1": String("Somstreet 159"),
            "address_line_2": String("Second door to the right"),
        },
    ),
}
