---
source: crates/query-engine/translation/tests/tests.rs
expression: result
---
WITH "%1_NATIVE_QUERY_artist_by_name" AS (
  WITH "%8_NATIVE_QUERY_artist_by_name" AS (
    SELECT
      *
    FROM
      public."Artist"
    WHERE
      "Name" = cast($1 as "pg_catalog"."varchar")
  )
  SELECT
    *
  FROM
    "%8_NATIVE_QUERY_artist_by_name" AS "%9_NATIVE_QUERY_artist_by_name"
),
"%2_artist_by_name" AS (
  SELECT
    "%0_artist_by_name".*
  FROM
    "%1_NATIVE_QUERY_artist_by_name" AS "%0_artist_by_name"
)
SELECT
  coalesce(json_agg(row_to_json("%4_universe")), '[]') AS "universe"
FROM
  (
    SELECT
      *
    FROM
      (
        SELECT
          coalesce(json_agg(row_to_json("%5_rows")), '[]') AS "rows"
        FROM
          (
            SELECT
              "%3_artist_by_name"."ArtistId" AS "Id"
            FROM
              "%2_artist_by_name" AS "%3_artist_by_name"
          ) AS "%5_rows"
      ) AS "%5_rows"
  ) AS "%4_universe";

{
    1: String(
        "Rush",
    ),
}
