---
source: crates/query-engine/translation/tests/tests.rs
expression: result
---
SELECT
  coalesce(json_agg(row_to_json("%11_universe")), '[]') AS "universe"
FROM
  (
    SELECT
      *
    FROM
      (
        SELECT
          coalesce(json_agg(row_to_json("%12_rows")), '[]') AS "rows"
        FROM
          (
            SELECT
              "%0_Track"."Name" AS "track",
              "%0_Track"."AlbumId" AS "AlbumId",
              "%1_RELATIONSHIP_Album"."Album" AS "Album"
            FROM
              "public"."Track" AS "%0_Track"
              LEFT OUTER JOIN LATERAL (
                SELECT
                  row_to_json("%1_RELATIONSHIP_Album") AS "Album"
                FROM
                  (
                    SELECT
                      *
                    FROM
                      (
                        SELECT
                          coalesce(json_agg(row_to_json("%9_rows")), '[]') AS "rows"
                        FROM
                          (
                            SELECT
                              "%4_Album"."Title" AS "album",
                              "%5_RELATIONSHIP_Artist"."Artist" AS "Artist"
                            FROM
                              "public"."Album" AS "%4_Album"
                              LEFT OUTER JOIN LATERAL (
                                SELECT
                                  row_to_json("%5_RELATIONSHIP_Artist") AS "Artist"
                                FROM
                                  (
                                    SELECT
                                      *
                                    FROM
                                      (
                                        SELECT
                                          coalesce(json_agg(row_to_json("%7_rows")), '[]') AS "rows"
                                        FROM
                                          (
                                            SELECT
                                              "%6_Artist"."Name" AS "artist",
                                              "%6_Artist"."ArtistId" AS "ArtistId"
                                            FROM
                                              "public"."Artist" AS "%6_Artist"
                                            WHERE
                                              ("%4_Album"."ArtistId" = "%6_Artist"."ArtistId")
                                          ) AS "%7_rows"
                                      ) AS "%7_rows"
                                  ) AS "%5_RELATIONSHIP_Artist"
                              ) AS "%5_RELATIONSHIP_Artist" ON ('true')
                            WHERE
                              ("%0_Track"."AlbumId" = "%4_Album"."AlbumId")
                          ) AS "%9_rows"
                      ) AS "%9_rows"
                  ) AS "%1_RELATIONSHIP_Album"
              ) AS "%1_RELATIONSHIP_Album" ON ('true')
            WHERE
              EXISTS (
                SELECT
                  1 AS "one"
                FROM
                  "public"."Album" AS "%2_Album"
                WHERE
                  (
                    (
                      (
                        "%2_Album"."Title" LIKE cast($1 as "pg_catalog"."varchar")
                      )
                      AND EXISTS (
                        SELECT
                          1 AS "one"
                        FROM
                          "public"."Artist" AS "%3_Artist"
                        WHERE
                          (
                            (
                              (
                                "%3_Artist"."Name" LIKE cast($2 as "pg_catalog"."varchar")
                              )
                              AND ("%3_Artist"."Name" = "%0_Track"."Name")
                            )
                            AND ("%2_Album"."ArtistId" = "%3_Artist"."ArtistId")
                          )
                      )
                    )
                    AND ("%0_Track"."AlbumId" = "%2_Album"."AlbumId")
                  )
              )
            ORDER BY
              "%0_Track"."TrackId" ASC
            LIMIT
              5
          ) AS "%12_rows"
      ) AS "%12_rows"
  ) AS "%11_universe";

{
    1: String(
        "%t%",
    ),
    2: String(
        "%o%",
    ),
}
