---
source: crates/query-engine/translation/tests/tests.rs
expression: result
---
WITH "%1_Artist" AS (
  SELECT
    "%0_Artist".*
  FROM
    "public"."Artist" AS "%0_Artist"
)
SELECT
  coalesce(json_agg(row_to_json("%27_universe")), '[]') AS "universe"
FROM
  (
    SELECT
      *
    FROM
      (
        SELECT
          coalesce(json_agg(row_to_json("%28_rows")), '[]') AS "rows"
        FROM
          (
            SELECT
              "%3_RELATIONSHIP_Albums"."Albums" AS "Albums"
            FROM
              "%1_Artist" AS "%2_Artist"
              LEFT OUTER JOIN LATERAL (
                WITH "%5_Album" AS (
                  SELECT
                    "%4_Album".*
                  FROM
                    "public"."Album" AS "%4_Album"
                  WHERE
                    ("%2_Artist"."ArtistId" = "%4_Album"."ArtistId")
                )
                SELECT
                  row_to_json("%3_RELATIONSHIP_Albums") AS "Albums"
                FROM
                  (
                    SELECT
                      *
                    FROM
                      (
                        SELECT
                          coalesce(json_agg(row_to_json("%25_rows")), '[]') AS "rows"
                        FROM
                          (
                            SELECT
                              "%7_RELATIONSHIP_Artist"."Artist" AS "Artist"
                            FROM
                              "%5_Album" AS "%6_Album"
                              LEFT OUTER JOIN LATERAL (
                                WITH "%9_Artist" AS (
                                  SELECT
                                    "%8_Artist".*
                                  FROM
                                    "public"."Artist" AS "%8_Artist"
                                  WHERE
                                    ("%6_Album"."ArtistId" = "%8_Artist"."ArtistId")
                                )
                                SELECT
                                  row_to_json("%7_RELATIONSHIP_Artist") AS "Artist"
                                FROM
                                  (
                                    SELECT
                                      *
                                    FROM
                                      (
                                        SELECT
                                          coalesce(json_agg(row_to_json("%23_rows")), '[]') AS "rows"
                                        FROM
                                          (
                                            SELECT
                                              "%10_Artist"."Name" AS "name",
                                              "%11_RELATIONSHIP_Albums"."Albums" AS "Albums"
                                            FROM
                                              "%9_Artist" AS "%10_Artist"
                                              LEFT OUTER JOIN LATERAL (
                                                WITH "%13_Album" AS (
                                                  SELECT
                                                    "%12_Album".*
                                                  FROM
                                                    "public"."Album" AS "%12_Album"
                                                  WHERE
                                                    ("%10_Artist"."ArtistId" = "%12_Album"."ArtistId")
                                                )
                                                SELECT
                                                  row_to_json("%11_RELATIONSHIP_Albums") AS "Albums"
                                                FROM
                                                  (
                                                    SELECT
                                                      *
                                                    FROM
                                                      (
                                                        SELECT
                                                          coalesce(json_agg(row_to_json("%21_rows")), '[]') AS "rows"
                                                        FROM
                                                          (
                                                            SELECT
                                                              "%15_RELATIONSHIP_Artist"."Artist" AS "Artist"
                                                            FROM
                                                              "%13_Album" AS "%14_Album"
                                                              LEFT OUTER JOIN LATERAL (
                                                                WITH "%17_Artist" AS (
                                                                  SELECT
                                                                    "%16_Artist".*
                                                                  FROM
                                                                    "public"."Artist" AS "%16_Artist"
                                                                  WHERE
                                                                    ("%14_Album"."ArtistId" = "%16_Artist"."ArtistId")
                                                                )
                                                                SELECT
                                                                  row_to_json("%15_RELATIONSHIP_Artist") AS "Artist"
                                                                FROM
                                                                  (
                                                                    SELECT
                                                                      *
                                                                    FROM
                                                                      (
                                                                        SELECT
                                                                          coalesce(json_agg(row_to_json("%19_rows")), '[]') AS "rows"
                                                                        FROM
                                                                          (
                                                                            SELECT
                                                                              "%18_Artist"."Name" AS "name"
                                                                            FROM
                                                                              "%17_Artist" AS "%18_Artist"
                                                                          ) AS "%19_rows"
                                                                      ) AS "%19_rows"
                                                                  ) AS "%15_RELATIONSHIP_Artist"
                                                              ) AS "%15_RELATIONSHIP_Artist" ON ('true')
                                                          ) AS "%21_rows"
                                                      ) AS "%21_rows"
                                                  ) AS "%11_RELATIONSHIP_Albums"
                                              ) AS "%11_RELATIONSHIP_Albums" ON ('true')
                                          ) AS "%23_rows"
                                      ) AS "%23_rows"
                                  ) AS "%7_RELATIONSHIP_Artist"
                              ) AS "%7_RELATIONSHIP_Artist" ON ('true')
                          ) AS "%25_rows"
                      ) AS "%25_rows"
                  ) AS "%3_RELATIONSHIP_Albums"
              ) AS "%3_RELATIONSHIP_Albums" ON ('true')
          ) AS "%28_rows"
      ) AS "%28_rows"
  ) AS "%27_universe";

{}
