---
source: crates/query-engine/translation/tests/tests.rs
expression: result
---
SELECT
  coalesce(json_agg(row_to_json("%3_universe")), '[]') AS "universe"
FROM
  (
    SELECT
      *
    FROM
      (
        SELECT
          coalesce(row_to_json("%5_aggregates"), '[]') AS "aggregates"
        FROM
          (
            SELECT
              COUNT(DISTINCT "%2_Album"."ArtistId") AS "how_many_distinct_artist_ids"
            FROM
              (
                SELECT
                  "%1_Album".*
                FROM
                  "public"."Album" AS "%1_Album"
              ) AS "%2_Album"
          ) AS "%5_aggregates"
      ) AS "%5_aggregates"
  ) AS "%3_universe";

{}
