---
source: crates/query-engine/translation/tests/tests.rs
expression: result
---
WITH "%1_NATIVE_QUERY_make_person" AS (
  SELECT
    ROW(
      jsonb_populate_record(cast(null as person_name), cast($1 as jsonb)),
      jsonb_populate_record(cast(null as person_address), cast($2 as jsonb))
    ) :: person as result
)
SELECT
  coalesce(json_agg(row_to_json("%2_universe")), '[]') AS "universe"
FROM
  (
    SELECT
      *
    FROM
      (
        SELECT
          coalesce(json_agg(row_to_json("%3_rows")), '[]') AS "rows"
        FROM
          (
            SELECT
              "%0_make_person"."result" AS "result"
            FROM
              "%1_NATIVE_QUERY_make_person" AS "%0_make_person"
          ) AS "%3_rows"
      ) AS "%3_rows"
  ) AS "%2_universe"

[(1, String("{\"first_name\":\"John\",\"last_name\":\"Doe\"}")), (2, String("{\"address_line_1\":\"Somstreet 159\",\"address_line_2\":\"Second door to the right\"}"))]
