---
source: crates/ndc-postgres/tests/query_tests.rs
expression: result
---
[
  {
    "rows": [
      {
        "albums": {
          "rows": [
            {
              "title": "Supernatural"
            },
            {
              "title": "Santana - As Years Go By"
            },
            {
              "title": "Santana Live"
            }
          ]
        },
        "title": "Santana"
      }
    ]
  }
]
