---
source: crates/ndc-postgres/tests/query_tests.rs
expression: result
---
[
  {
    "rows": [
      {
        "Title": "Killers"
      },
      {
        "Title": "Live After Death"
      },
      {
        "Title": "Live At Donington 1992 (Disc 1)"
      },
      {
        "Title": "Live At Donington 1992 (Disc 2)"
      },
      {
        "Title": "No Prayer For The Dying"
      }
    ]
  }
]
