---
source: crates/ndc-postgres/tests/query_tests.rs
expression: result
---
[
  {
    "rows": [
      {
        "Name": "Bad Boy Boogie"
      },
      {
        "Name": "Breaking The Rules"
      },
      {
        "Name": "C.O.D."
      },
      {
        "Name": "Dog Eat Dog"
      },
      {
        "Name": "Evil Walks"
      }
    ]
  }
]
