---
source: crates/tests/databases-tests/src/postgres/explain_tests.rs
expression: result.details.query
---
EXPLAIN WITH "%1_Album" AS (
  SELECT
    "%0_Album".*
  FROM
    "public"."Album" AS "%0_Album"
  WHERE
    ("%0_Album"."AlbumId" = 35)
)
SELECT
  coalesce(json_agg(row_to_json("%3_universe")), '[]') AS "universe"
FROM
  (
    SELECT
      *
    FROM
      (
        SELECT
          coalesce(json_agg(row_to_json("%4_rows")), '[]') AS "rows"
        FROM
          (
            SELECT
              "%2_Album"."Title" AS "Title"
            FROM
              "%1_Album" AS "%2_Album"
          ) AS "%4_rows"
      ) AS "%4_rows"
  ) AS "%3_universe"
