---
source: crates/tests/databases-tests/src/postgres/explain_tests.rs
expression: result.details.query
---
EXPLAIN
SELECT
  coalesce(json_agg("%7_universe_agg"."universe"), '[]') AS "universe"
FROM
  (
    SELECT
      row_to_json("%4_universe") AS "universe"
    FROM
      jsonb_to_recordset($1) AS "%0_%variables_table"("%variable_order" "int4", "%variables" "jsonb")
      CROSS JOIN LATERAL (
        WITH "%2_NATIVE_QUERY_album_by_title" AS (
          WITH "%8_NATIVE_QUERY_album_by_title" AS (
            SELECT
              *
            FROM
              public."Album"
            WHERE
              "Title" LIKE cast(
                (
                  ("%0_%variables_table"."%variables" -> $2) #>> cast(ARRAY [] as "text"[])) as "pg_catalog"."varchar") AND "AlbumId" < 500
                )
                SELECT
                  *
                FROM
                  "%8_NATIVE_QUERY_album_by_title" AS "%9_NATIVE_QUERY_album_by_title"
              )
            SELECT
              *
            FROM
              (
                SELECT
                  coalesce(json_agg(row_to_json("%5_rows")), '[]') AS "rows"
                FROM
                  (
                    SELECT
                      "%3_album_by_title"."Title" AS "Title"
                    FROM
                      (
                        SELECT
                          "%1_album_by_title".*
                        FROM
                          "%2_NATIVE_QUERY_album_by_title" AS "%1_album_by_title"
                        ORDER BY
                          "%1_album_by_title"."AlbumId" ASC
                      ) AS "%3_album_by_title"
                    ORDER BY
                      "%3_album_by_title"."AlbumId" ASC
                  ) AS "%5_rows"
              ) AS "%5_rows"
          ) AS "%4_universe"
          ORDER BY
            "%0_%variables_table"."%variable_order" ASC
        ) AS "%7_universe_agg"
