---
source: crates/tests/databases-tests/src/postgres/explain_tests.rs
expression: "result.details.get(\"0 delete_InvoiceLine_by_InvoiceLineId SQL Mutation\").unwrap()"
---
EXPLAIN WITH "%0_generated_mutation" AS (
  DELETE FROM
    "public"."InvoiceLine" AS "%1_InvoiceLine"
  WHERE
    (
      ("%1_InvoiceLine"."InvoiceLineId" = 90)
      AND EXISTS (
        SELECT
          1 AS "one"
        FROM
          "public"."Track" AS "%2_Track"
        WHERE
          (
            ("%2_Track"."TrackId" = 512)
            AND (
              "%1_InvoiceLine"."TrackId" = "%2_Track"."TrackId"
            )
          )
      )
    ) RETURNING *,
    true AS "%check__constraint"
)
SELECT
  (
    SELECT
      json_build_object('result', row_to_json("%7_universe"), 'type', $1) AS "universe"
    FROM
      (
        SELECT
          *
        FROM
          (
            SELECT
              coalesce(json_agg(row_to_json("%8_returning")), '[]') AS "returning"
            FROM
              (
                SELECT
                  "%4_InvoiceLine"."InvoiceLineId" AS "invoice_line_id",
                  "%4_InvoiceLine"."Quantity" AS "quantity"
                FROM
                  (
                    SELECT
                      "%3_InvoiceLine".*
                    FROM
                      "%0_generated_mutation" AS "%3_InvoiceLine"
                  ) AS "%4_InvoiceLine"
              ) AS "%8_returning"
          ) AS "%8_returning"
          CROSS JOIN (
            SELECT
              COUNT(*) AS "affected_rows"
            FROM
              (
                SELECT
                  "%5_InvoiceLine".*
                FROM
                  "%0_generated_mutation" AS "%5_InvoiceLine"
              ) AS "%6_InvoiceLine"
          ) AS "%9_aggregates"
      ) AS "%7_universe"
  ) AS "%results",
  (
    SELECT
      coalesce(
        bool_and(
          "%10_delete_InvoiceLine_by_InvoiceLineId"."%check__constraint"
        ),
        true
      ) AS "%check__constraint"
    FROM
      "%0_generated_mutation" AS "%10_delete_InvoiceLine_by_InvoiceLineId"
  ) AS "%check__constraint"
