---
source: crates/tests/databases-tests/src/postgres/mutation_tests.rs
expression: result
---
{
  "operation_results": [
    {
      "type": "procedure",
      "result": {
        "returning": [
          {
            "invoice_line_id": 90,
            "quantity": 1
          }
        ],
        "affected_rows": 1
      }
    }
  ]
}
