---
source: crates/tests/databases-tests/src/postgres/cli_version3_tests.rs
expression: default_configuration
---
{
  "version": "3",
  "$schema": "schema.json",
  "connectionSettings": {
    "connectionUri": {
      "variable": "CONNECTION_URI"
    },
    "poolSettings": {
      "maxConnections": 50,
      "poolTimeout": 30,
      "idleTimeout": 180,
      "checkConnectionAfterIdle": 60,
      "connectionLifetime": 600
    },
    "isolationLevel": "ReadCommitted"
  },
  "metadata": {
    "tables": {
      "Album": {
        "schemaName": "public",
        "tableName": "Album",
        "columns": {
          "AlbumId": {
            "name": "AlbumId",
            "type": {
              "scalarType": "int4"
            },
            "nullable": "nonNullable",
            "description": "The identifier of an album"
          },
          "ArtistId": {
            "name": "ArtistId",
            "type": {
              "scalarType": "int4"
            },
            "nullable": "nonNullable",
            "description": "The id of the artist that authored the album"
          },
          "Title": {
            "name": "Title",
            "type": {
              "scalarType": "varchar"
            },
            "nullable": "nonNullable",
            "description": "The title of an album"
          }
        },
        "uniquenessConstraints": {
          "PK_Album": [
            "AlbumId"
          ]
        },
        "foreignRelations": {
          "FK_AlbumArtistId": {
            "foreignSchema": "public",
            "foreignTable": "Artist",
            "columnMapping": {
              "ArtistId": "ArtistId"
            }
          }
        },
        "description": "The record of all albums"
      },
      "Artist": {
        "schemaName": "public",
        "tableName": "Artist",
        "columns": {
          "ArtistId": {
            "name": "ArtistId",
            "type": {
              "scalarType": "int4"
            },
            "nullable": "nonNullable",
            "description": "The identifier of an artist"
          },
          "Name": {
            "name": "Name",
            "type": {
              "scalarType": "varchar"
            },
            "nullable": "nullable",
            "description": "The name of an artist"
          }
        },
        "uniquenessConstraints": {
          "PK_Artist": [
            "ArtistId"
          ]
        },
        "foreignRelations": {},
        "description": "The record of all artists"
      },
      "Customer": {
        "schemaName": "public",
        "tableName": "Customer",
        "columns": {
          "Address": {
            "name": "Address",
            "type": {
              "scalarType": "varchar"
            },
            "nullable": "nullable",
            "description": null
          },
          "City": {
            "name": "City",
            "type": {
              "scalarType": "varchar"
            },
            "nullable": "nullable",
            "description": null
          },
          "Company": {
            "name": "Company",
            "type": {
              "scalarType": "varchar"
            },
            "nullable": "nullable",
            "description": null
          },
          "Country": {
            "name": "Country",
            "type": {
              "scalarType": "varchar"
            },
            "nullable": "nullable",
            "description": null
          },
          "CustomerId": {
            "name": "CustomerId",
            "type": {
              "scalarType": "int4"
            },
            "nullable": "nonNullable",
            "description": "The identifier of customer"
          },
          "Email": {
            "name": "Email",
            "type": {
              "scalarType": "varchar"
            },
            "nullable": "nonNullable",
            "description": null
          },
          "Fax": {
            "name": "Fax",
            "type": {
              "scalarType": "varchar"
            },
            "nullable": "nullable",
            "description": null
          },
          "FirstName": {
            "name": "FirstName",
            "type": {
              "scalarType": "varchar"
            },
            "nullable": "nonNullable",
            "description": "The first name of a customer"
          },
          "LastName": {
            "name": "LastName",
            "type": {
              "scalarType": "varchar"
            },
            "nullable": "nonNullable",
            "description": "The last name of a customer"
          },
          "Phone": {
            "name": "Phone",
            "type": {
              "scalarType": "varchar"
            },
            "nullable": "nullable",
            "description": null
          },
          "PostalCode": {
            "name": "PostalCode",
            "type": {
              "scalarType": "varchar"
            },
            "nullable": "nullable",
            "description": null
          },
          "State": {
            "name": "State",
            "type": {
              "scalarType": "varchar"
            },
            "nullable": "nullable",
            "description": null
          },
          "SupportRepId": {
            "name": "SupportRepId",
            "type": {
              "scalarType": "int4"
            },
            "nullable": "nullable",
            "description": null
          }
        },
        "uniquenessConstraints": {
          "PK_Customer": [
            "CustomerId"
          ]
        },
        "foreignRelations": {
          "FK_CustomerSupportRepId": {
            "foreignSchema": "public",
            "foreignTable": "Employee",
            "columnMapping": {
              "SupportRepId": "EmployeeId"
            }
          }
        },
        "description": "The record of all customers"
      },
      "Employee": {
        "schemaName": "public",
        "tableName": "Employee",
        "columns": {
          "Address": {
            "name": "Address",
            "type": {
              "scalarType": "varchar"
            },
            "nullable": "nullable",
            "description": null
          },
          "BirthDate": {
            "name": "BirthDate",
            "type": {
              "scalarType": "timestamp"
            },
            "nullable": "nullable",
            "description": null
          },
          "City": {
            "name": "City",
            "type": {
              "scalarType": "varchar"
            },
            "nullable": "nullable",
            "description": null
          },
          "Country": {
            "name": "Country",
            "type": {
              "scalarType": "varchar"
            },
            "nullable": "nullable",
            "description": null
          },
          "Email": {
            "name": "Email",
            "type": {
              "scalarType": "varchar"
            },
            "nullable": "nullable",
            "description": null
          },
          "EmployeeId": {
            "name": "EmployeeId",
            "type": {
              "scalarType": "int4"
            },
            "nullable": "nonNullable",
            "description": null
          },
          "Fax": {
            "name": "Fax",
            "type": {
              "scalarType": "varchar"
            },
            "nullable": "nullable",
            "description": null
          },
          "FirstName": {
            "name": "FirstName",
            "type": {
              "scalarType": "varchar"
            },
            "nullable": "nonNullable",
            "description": null
          },
          "HireDate": {
            "name": "HireDate",
            "type": {
              "scalarType": "timestamp"
            },
            "nullable": "nullable",
            "description": null
          },
          "LastName": {
            "name": "LastName",
            "type": {
              "scalarType": "varchar"
            },
            "nullable": "nonNullable",
            "description": null
          },
          "Phone": {
            "name": "Phone",
            "type": {
              "scalarType": "varchar"
            },
            "nullable": "nullable",
            "description": null
          },
          "PostalCode": {
            "name": "PostalCode",
            "type": {
              "scalarType": "varchar"
            },
            "nullable": "nullable",
            "description": null
          },
          "ReportsTo": {
            "name": "ReportsTo",
            "type": {
              "scalarType": "int4"
            },
            "nullable": "nullable",
            "description": null
          },
          "State": {
            "name": "State",
            "type": {
              "scalarType": "varchar"
            },
            "nullable": "nullable",
            "description": null
          },
          "Title": {
            "name": "Title",
            "type": {
              "scalarType": "varchar"
            },
            "nullable": "nullable",
            "description": null
          }
        },
        "uniquenessConstraints": {
          "PK_Employee": [
            "EmployeeId"
          ]
        },
        "foreignRelations": {
          "FK_EmployeeReportsTo": {
            "foreignSchema": "public",
            "foreignTable": "Employee",
            "columnMapping": {
              "ReportsTo": "EmployeeId"
            }
          }
        },
        "description": null
      },
      "Genre": {
        "schemaName": "public",
        "tableName": "Genre",
        "columns": {
          "GenreId": {
            "name": "GenreId",
            "type": {
              "scalarType": "int4"
            },
            "nullable": "nonNullable",
            "description": null
          },
          "Name": {
            "name": "Name",
            "type": {
              "scalarType": "varchar"
            },
            "nullable": "nullable",
            "description": null
          }
        },
        "uniquenessConstraints": {
          "PK_Genre": [
            "GenreId"
          ]
        },
        "foreignRelations": {},
        "description": null
      },
      "Invoice": {
        "schemaName": "public",
        "tableName": "Invoice",
        "columns": {
          "BillingAddress": {
            "name": "BillingAddress",
            "type": {
              "scalarType": "varchar"
            },
            "nullable": "nullable",
            "description": null
          },
          "BillingCity": {
            "name": "BillingCity",
            "type": {
              "scalarType": "varchar"
            },
            "nullable": "nullable",
            "description": null
          },
          "BillingCountry": {
            "name": "BillingCountry",
            "type": {
              "scalarType": "varchar"
            },
            "nullable": "nullable",
            "description": null
          },
          "BillingPostalCode": {
            "name": "BillingPostalCode",
            "type": {
              "scalarType": "varchar"
            },
            "nullable": "nullable",
            "description": null
          },
          "BillingState": {
            "name": "BillingState",
            "type": {
              "scalarType": "varchar"
            },
            "nullable": "nullable",
            "description": null
          },
          "CustomerId": {
            "name": "CustomerId",
            "type": {
              "scalarType": "int4"
            },
            "nullable": "nonNullable",
            "description": null
          },
          "InvoiceDate": {
            "name": "InvoiceDate",
            "type": {
              "scalarType": "timestamp"
            },
            "nullable": "nonNullable",
            "description": null
          },
          "InvoiceId": {
            "name": "InvoiceId",
            "type": {
              "scalarType": "int4"
            },
            "nullable": "nonNullable",
            "description": null
          },
          "Total": {
            "name": "Total",
            "type": {
              "scalarType": "numeric"
            },
            "nullable": "nonNullable",
            "description": null
          }
        },
        "uniquenessConstraints": {
          "PK_Invoice": [
            "InvoiceId"
          ]
        },
        "foreignRelations": {
          "FK_InvoiceCustomerId": {
            "foreignSchema": "public",
            "foreignTable": "Customer",
            "columnMapping": {
              "CustomerId": "CustomerId"
            }
          }
        },
        "description": null
      },
      "InvoiceLine": {
        "schemaName": "public",
        "tableName": "InvoiceLine",
        "columns": {
          "InvoiceId": {
            "name": "InvoiceId",
            "type": {
              "scalarType": "int4"
            },
            "nullable": "nonNullable",
            "description": null
          },
          "InvoiceLineId": {
            "name": "InvoiceLineId",
            "type": {
              "scalarType": "int4"
            },
            "nullable": "nonNullable",
            "description": null
          },
          "Quantity": {
            "name": "Quantity",
            "type": {
              "scalarType": "int4"
            },
            "nullable": "nonNullable",
            "description": null
          },
          "TrackId": {
            "name": "TrackId",
            "type": {
              "scalarType": "int4"
            },
            "nullable": "nonNullable",
            "description": null
          },
          "UnitPrice": {
            "name": "UnitPrice",
            "type": {
              "scalarType": "numeric"
            },
            "nullable": "nonNullable",
            "description": null
          }
        },
        "uniquenessConstraints": {
          "PK_InvoiceLine": [
            "InvoiceLineId"
          ]
        },
        "foreignRelations": {
          "FK_InvoiceLineInvoiceId": {
            "foreignSchema": "public",
            "foreignTable": "Invoice",
            "columnMapping": {
              "InvoiceId": "InvoiceId"
            }
          },
          "FK_InvoiceLineTrackId": {
            "foreignSchema": "public",
            "foreignTable": "Track",
            "columnMapping": {
              "TrackId": "TrackId"
            }
          }
        },
        "description": null
      },
      "MediaType": {
        "schemaName": "public",
        "tableName": "MediaType",
        "columns": {
          "MediaTypeId": {
            "name": "MediaTypeId",
            "type": {
              "scalarType": "int4"
            },
            "nullable": "nonNullable",
            "description": null
          },
          "Name": {
            "name": "Name",
            "type": {
              "scalarType": "varchar"
            },
            "nullable": "nullable",
            "description": null
          }
        },
        "uniquenessConstraints": {
          "PK_MediaType": [
            "MediaTypeId"
          ]
        },
        "foreignRelations": {},
        "description": null
      },
      "Playlist": {
        "schemaName": "public",
        "tableName": "Playlist",
        "columns": {
          "Name": {
            "name": "Name",
            "type": {
              "scalarType": "varchar"
            },
            "nullable": "nullable",
            "description": null
          },
          "PlaylistId": {
            "name": "PlaylistId",
            "type": {
              "scalarType": "int4"
            },
            "nullable": "nonNullable",
            "description": null
          }
        },
        "uniquenessConstraints": {
          "PK_Playlist": [
            "PlaylistId"
          ]
        },
        "foreignRelations": {},
        "description": null
      },
      "PlaylistTrack": {
        "schemaName": "public",
        "tableName": "PlaylistTrack",
        "columns": {
          "PlaylistId": {
            "name": "PlaylistId",
            "type": {
              "scalarType": "int4"
            },
            "nullable": "nonNullable",
            "description": null
          },
          "TrackId": {
            "name": "TrackId",
            "type": {
              "scalarType": "int4"
            },
            "nullable": "nonNullable",
            "description": null
          }
        },
        "uniquenessConstraints": {
          "PK_PlaylistTrack": [
            "PlaylistId",
            "TrackId"
          ]
        },
        "foreignRelations": {
          "FK_PlaylistTrackPlaylistId": {
            "foreignSchema": "public",
            "foreignTable": "Playlist",
            "columnMapping": {
              "PlaylistId": "PlaylistId"
            }
          },
          "FK_PlaylistTrackTrackId": {
            "foreignSchema": "public",
            "foreignTable": "Track",
            "columnMapping": {
              "TrackId": "TrackId"
            }
          }
        },
        "description": null
      },
      "Track": {
        "schemaName": "public",
        "tableName": "Track",
        "columns": {
          "AlbumId": {
            "name": "AlbumId",
            "type": {
              "scalarType": "int4"
            },
            "nullable": "nullable",
            "description": null
          },
          "Bytes": {
            "name": "Bytes",
            "type": {
              "scalarType": "int4"
            },
            "nullable": "nullable",
            "description": null
          },
          "Composer": {
            "name": "Composer",
            "type": {
              "scalarType": "varchar"
            },
            "nullable": "nullable",
            "description": null
          },
          "GenreId": {
            "name": "GenreId",
            "type": {
              "scalarType": "int4"
            },
            "nullable": "nullable",
            "description": null
          },
          "MediaTypeId": {
            "name": "MediaTypeId",
            "type": {
              "scalarType": "int4"
            },
            "nullable": "nonNullable",
            "description": null
          },
          "Milliseconds": {
            "name": "Milliseconds",
            "type": {
              "scalarType": "int4"
            },
            "nullable": "nonNullable",
            "description": null
          },
          "Name": {
            "name": "Name",
            "type": {
              "scalarType": "varchar"
            },
            "nullable": "nonNullable",
            "description": null
          },
          "TrackId": {
            "name": "TrackId",
            "type": {
              "scalarType": "int4"
            },
            "nullable": "nonNullable",
            "description": null
          },
          "UnitPrice": {
            "name": "UnitPrice",
            "type": {
              "scalarType": "numeric"
            },
            "nullable": "nonNullable",
            "description": null
          }
        },
        "uniquenessConstraints": {
          "PK_Track": [
            "TrackId"
          ]
        },
        "foreignRelations": {
          "FK_TrackAlbumId": {
            "foreignSchema": "public",
            "foreignTable": "Album",
            "columnMapping": {
              "AlbumId": "AlbumId"
            }
          },
          "FK_TrackGenreId": {
            "foreignSchema": "public",
            "foreignTable": "Genre",
            "columnMapping": {
              "GenreId": "GenreId"
            }
          },
          "FK_TrackMediaTypeId": {
            "foreignSchema": "public",
            "foreignTable": "MediaType",
            "columnMapping": {
              "MediaTypeId": "MediaTypeId"
            }
          }
        },
        "description": null
      },
      "custom_defaults": {
        "schemaName": "custom",
        "tableName": "defaults",
        "columns": {
          "birthday": {
            "name": "birthday",
            "type": {
              "scalarType": "date"
            },
            "nullable": "nonNullable",
            "hasDefault": "hasDefault",
            "description": null
          },
          "height_cm": {
            "name": "height_cm",
            "type": {
              "scalarType": "numeric"
            },
            "nullable": "nonNullable",
            "hasDefault": "hasDefault",
            "description": null
          },
          "height_in": {
            "name": "height_in",
            "type": {
              "scalarType": "numeric"
            },
            "nullable": "nullable",
            "hasDefault": "hasDefault",
            "isGenerated": "stored",
            "description": null
          },
          "id": {
            "name": "id",
            "type": {
              "scalarType": "int8"
            },
            "nullable": "nonNullable",
            "isIdentity": "identityAlways",
            "description": null
          },
          "name": {
            "name": "name",
            "type": {
              "scalarType": "text"
            },
            "nullable": "nullable",
            "description": null
          }
        },
        "uniquenessConstraints": {
          "defaults_pkey": [
            "id"
          ]
        },
        "foreignRelations": {},
        "description": null
      },
      "custom_dog": {
        "schemaName": "custom",
        "tableName": "dog",
        "columns": {
          "adopter_name": {
            "name": "adopter_name",
            "type": {
              "scalarType": "text"
            },
            "nullable": "nullable",
            "description": null
          },
          "birthday": {
            "name": "birthday",
            "type": {
              "scalarType": "date"
            },
            "nullable": "nonNullable",
            "hasDefault": "hasDefault",
            "description": null
          },
          "height_cm": {
            "name": "height_cm",
            "type": {
              "scalarType": "numeric"
            },
            "nullable": "nonNullable",
            "description": null
          },
          "height_in": {
            "name": "height_in",
            "type": {
              "scalarType": "numeric"
            },
            "nullable": "nullable",
            "hasDefault": "hasDefault",
            "isGenerated": "stored",
            "description": null
          },
          "id": {
            "name": "id",
            "type": {
              "scalarType": "int8"
            },
            "nullable": "nonNullable",
            "isIdentity": "identityAlways",
            "description": null
          },
          "name": {
            "name": "name",
            "type": {
              "scalarType": "text"
            },
            "nullable": "nonNullable",
            "description": null
          }
        },
        "uniquenessConstraints": {
          "dog_pkey": [
            "id"
          ]
        },
        "foreignRelations": {},
        "description": null
      },
      "custom_test_cidr": {
        "schemaName": "custom",
        "tableName": "test_cidr",
        "columns": {
          "ip": {
            "name": "ip",
            "type": {
              "scalarType": "cidr"
            },
            "nullable": "nullable",
            "description": null
          },
          "service": {
            "name": "service",
            "type": {
              "scalarType": "text"
            },
            "nullable": "nullable",
            "description": null
          }
        },
        "uniquenessConstraints": {},
        "foreignRelations": {},
        "description": null
      },
      "deck_of_cards": {
        "schemaName": "public",
        "tableName": "deck_of_cards",
        "columns": {
          "pips": {
            "name": "pips",
            "type": {
              "scalarType": "int2"
            },
            "nullable": "nonNullable",
            "description": null
          },
          "suit": {
            "name": "suit",
            "type": {
              "scalarType": "card_suit"
            },
            "nullable": "nonNullable",
            "description": null
          }
        },
        "uniquenessConstraints": {},
        "foreignRelations": {},
        "description": null
      },
      "discoverable_types_root_occurrence": {
        "schemaName": "public",
        "tableName": "discoverable_types_root_occurrence",
        "columns": {
          "col": {
            "name": "col",
            "type": {
              "compositeType": "discoverable_types"
            },
            "nullable": "nullable",
            "description": null
          }
        },
        "uniquenessConstraints": {},
        "foreignRelations": {},
        "description": null
      },
      "even_numbers": {
        "schemaName": "public",
        "tableName": "even_numbers",
        "columns": {
          "the_number": {
            "name": "the_number",
            "type": {
              "scalarType": "even_number"
            },
            "nullable": "nonNullable",
            "description": null
          }
        },
        "uniquenessConstraints": {},
        "foreignRelations": {},
        "description": null
      },
      "group_leader": {
        "schemaName": "public",
        "tableName": "group_leader",
        "columns": {
          "characters": {
            "name": "characters",
            "type": {
              "compositeType": "characters"
            },
            "nullable": "nullable",
            "description": null
          },
          "id": {
            "name": "id",
            "type": {
              "scalarType": "int4"
            },
            "nullable": "nullable",
            "description": null
          },
          "name": {
            "name": "name",
            "type": {
              "compositeType": "chara"
            },
            "nullable": "nullable",
            "description": null
          }
        },
        "uniquenessConstraints": {},
        "foreignRelations": {},
        "description": null
      },
      "phone_numbers": {
        "schemaName": "public",
        "tableName": "phone_numbers",
        "columns": {
          "the_number": {
            "name": "the_number",
            "type": {
              "scalarType": "Phone"
            },
            "nullable": "nonNullable",
            "description": null
          }
        },
        "uniquenessConstraints": {},
        "foreignRelations": {},
        "description": null
      },
      "spatial_ref_sys": {
        "schemaName": "public",
        "tableName": "spatial_ref_sys",
        "columns": {
          "auth_name": {
            "name": "auth_name",
            "type": {
              "scalarType": "varchar"
            },
            "nullable": "nullable",
            "description": null
          },
          "auth_srid": {
            "name": "auth_srid",
            "type": {
              "scalarType": "int4"
            },
            "nullable": "nullable",
            "description": null
          },
          "proj4text": {
            "name": "proj4text",
            "type": {
              "scalarType": "varchar"
            },
            "nullable": "nullable",
            "description": null
          },
          "srid": {
            "name": "srid",
            "type": {
              "scalarType": "int4"
            },
            "nullable": "nonNullable",
            "description": null
          },
          "srtext": {
            "name": "srtext",
            "type": {
              "scalarType": "varchar"
            },
            "nullable": "nullable",
            "description": null
          }
        },
        "uniquenessConstraints": {
          "spatial_ref_sys_pkey": [
            "srid"
          ]
        },
        "foreignRelations": {},
        "description": null
      },
      "text_table": {
        "schemaName": "public",
        "tableName": "text",
        "columns": {
          "content": {
            "name": "content",
            "type": {
              "scalarType": "text"
            },
            "nullable": "nullable",
            "description": null
          },
          "id": {
            "name": "id",
            "type": {
              "scalarType": "int4"
            },
            "nullable": "nullable",
            "description": null
          }
        },
        "uniquenessConstraints": {},
        "foreignRelations": {},
        "description": null
      },
      "topology_layer": {
        "schemaName": "topology",
        "tableName": "layer",
        "columns": {
          "child_id": {
            "name": "child_id",
            "type": {
              "scalarType": "int4"
            },
            "nullable": "nullable",
            "description": null
          },
          "feature_column": {
            "name": "feature_column",
            "type": {
              "scalarType": "varchar"
            },
            "nullable": "nonNullable",
            "description": null
          },
          "feature_type": {
            "name": "feature_type",
            "type": {
              "scalarType": "int4"
            },
            "nullable": "nonNullable",
            "description": null
          },
          "layer_id": {
            "name": "layer_id",
            "type": {
              "scalarType": "int4"
            },
            "nullable": "nonNullable",
            "description": null
          },
          "level": {
            "name": "level",
            "type": {
              "scalarType": "int4"
            },
            "nullable": "nonNullable",
            "hasDefault": "hasDefault",
            "description": null
          },
          "schema_name": {
            "name": "schema_name",
            "type": {
              "scalarType": "varchar"
            },
            "nullable": "nonNullable",
            "description": null
          },
          "table_name": {
            "name": "table_name",
            "type": {
              "scalarType": "varchar"
            },
            "nullable": "nonNullable",
            "description": null
          },
          "topology_id": {
            "name": "topology_id",
            "type": {
              "scalarType": "int4"
            },
            "nullable": "nonNullable",
            "description": null
          }
        },
        "uniquenessConstraints": {
          "layer_pkey": [
            "layer_id",
            "topology_id"
          ],
          "layer_schema_name_table_name_feature_column_key": [
            "feature_column",
            "schema_name",
            "table_name"
          ]
        },
        "foreignRelations": {
          "layer_topology_id_fkey": {
            "foreignSchema": "topology",
            "foreignTable": "topology",
            "columnMapping": {
              "topology_id": "id"
            }
          }
        },
        "description": null
      },
      "topology_topology": {
        "schemaName": "topology",
        "tableName": "topology",
        "columns": {
          "hasz": {
            "name": "hasz",
            "type": {
              "scalarType": "bool"
            },
            "nullable": "nonNullable",
            "hasDefault": "hasDefault",
            "description": null
          },
          "id": {
            "name": "id",
            "type": {
              "scalarType": "int4"
            },
            "nullable": "nonNullable",
            "hasDefault": "hasDefault",
            "description": null
          },
          "name": {
            "name": "name",
            "type": {
              "scalarType": "varchar"
            },
            "nullable": "nonNullable",
            "description": null
          },
          "precision": {
            "name": "precision",
            "type": {
              "scalarType": "float8"
            },
            "nullable": "nonNullable",
            "description": null
          },
          "srid": {
            "name": "srid",
            "type": {
              "scalarType": "int4"
            },
            "nullable": "nonNullable",
            "description": null
          }
        },
        "uniquenessConstraints": {
          "topology_name_key": [
            "name"
          ],
          "topology_pkey": [
            "id"
          ]
        },
        "foreignRelations": {},
        "description": null
      }
    },
    "compositeTypes": {
      "chara": {
        "name": "chara",
        "fields": {
          "name": {
            "name": "name",
            "type": {
              "scalarType": "text"
            },
            "description": null
          },
          "popularity": {
            "name": "popularity",
            "type": {
              "scalarType": "int8"
            },
            "description": null
          }
        },
        "description": null
      },
      "characters": {
        "name": "characters",
        "fields": {
          "members": {
            "name": "members",
            "type": {
              "arrayType": {
                "compositeType": "chara"
              }
            },
            "description": null
          },
          "name": {
            "name": "name",
            "type": {
              "scalarType": "text"
            },
            "description": null
          }
        },
        "description": null
      },
      "discoverable_types": {
        "name": "discoverable_types",
        "fields": {
          "only_occurring_here1": {
            "name": "only_occurring_here1",
            "type": {
              "scalarType": "int8"
            },
            "description": null
          }
        },
        "description": null
      }
    },
    "nativeQueries": {},
    "aggregateFunctions": {
      "Phone": {
        "max": {
          "returnType": "text"
        },
        "min": {
          "returnType": "text"
        }
      },
      "bool": {
        "bool_and": {
          "returnType": "bool"
        },
        "bool_or": {
          "returnType": "bool"
        },
        "every": {
          "returnType": "bool"
        }
      },
      "card_suit": {
        "max": {
          "returnType": "card_suit"
        },
        "min": {
          "returnType": "card_suit"
        }
      },
      "cidr": {
        "max": {
          "returnType": "inet"
        },
        "min": {
          "returnType": "inet"
        }
      },
      "date": {
        "max": {
          "returnType": "date"
        },
        "min": {
          "returnType": "date"
        }
      },
      "even_number": {
        "avg": {
          "returnType": "numeric"
        },
        "bit_and": {
          "returnType": "int4"
        },
        "bit_or": {
          "returnType": "int4"
        },
        "bit_xor": {
          "returnType": "int4"
        },
        "max": {
          "returnType": "int4"
        },
        "min": {
          "returnType": "int4"
        },
        "stddev": {
          "returnType": "numeric"
        },
        "stddev_pop": {
          "returnType": "numeric"
        },
        "stddev_samp": {
          "returnType": "numeric"
        },
        "sum": {
          "returnType": "int8"
        },
        "var_pop": {
          "returnType": "numeric"
        },
        "var_samp": {
          "returnType": "numeric"
        },
        "variance": {
          "returnType": "numeric"
        }
      },
      "float8": {
        "avg": {
          "returnType": "float8"
        },
        "max": {
          "returnType": "float8"
        },
        "min": {
          "returnType": "float8"
        },
        "stddev": {
          "returnType": "float8"
        },
        "stddev_pop": {
          "returnType": "float8"
        },
        "stddev_samp": {
          "returnType": "float8"
        },
        "sum": {
          "returnType": "float8"
        },
        "var_pop": {
          "returnType": "float8"
        },
        "var_samp": {
          "returnType": "float8"
        },
        "variance": {
          "returnType": "float8"
        }
      },
      "int2": {
        "avg": {
          "returnType": "numeric"
        },
        "bit_and": {
          "returnType": "int2"
        },
        "bit_or": {
          "returnType": "int2"
        },
        "bit_xor": {
          "returnType": "int2"
        },
        "max": {
          "returnType": "int2"
        },
        "min": {
          "returnType": "int2"
        },
        "stddev": {
          "returnType": "numeric"
        },
        "stddev_pop": {
          "returnType": "numeric"
        },
        "stddev_samp": {
          "returnType": "numeric"
        },
        "sum": {
          "returnType": "int8"
        },
        "var_pop": {
          "returnType": "numeric"
        },
        "var_samp": {
          "returnType": "numeric"
        },
        "variance": {
          "returnType": "numeric"
        }
      },
      "int4": {
        "avg": {
          "returnType": "numeric"
        },
        "bit_and": {
          "returnType": "int4"
        },
        "bit_or": {
          "returnType": "int4"
        },
        "bit_xor": {
          "returnType": "int4"
        },
        "max": {
          "returnType": "int4"
        },
        "min": {
          "returnType": "int4"
        },
        "stddev": {
          "returnType": "numeric"
        },
        "stddev_pop": {
          "returnType": "numeric"
        },
        "stddev_samp": {
          "returnType": "numeric"
        },
        "sum": {
          "returnType": "int8"
        },
        "var_pop": {
          "returnType": "numeric"
        },
        "var_samp": {
          "returnType": "numeric"
        },
        "variance": {
          "returnType": "numeric"
        }
      },
      "int8": {
        "avg": {
          "returnType": "numeric"
        },
        "bit_and": {
          "returnType": "int8"
        },
        "bit_or": {
          "returnType": "int8"
        },
        "bit_xor": {
          "returnType": "int8"
        },
        "max": {
          "returnType": "int8"
        },
        "min": {
          "returnType": "int8"
        },
        "stddev": {
          "returnType": "numeric"
        },
        "stddev_pop": {
          "returnType": "numeric"
        },
        "stddev_samp": {
          "returnType": "numeric"
        },
        "sum": {
          "returnType": "numeric"
        },
        "var_pop": {
          "returnType": "numeric"
        },
        "var_samp": {
          "returnType": "numeric"
        },
        "variance": {
          "returnType": "numeric"
        }
      },
      "numeric": {
        "avg": {
          "returnType": "numeric"
        },
        "max": {
          "returnType": "numeric"
        },
        "min": {
          "returnType": "numeric"
        },
        "stddev": {
          "returnType": "numeric"
        },
        "stddev_pop": {
          "returnType": "numeric"
        },
        "stddev_samp": {
          "returnType": "numeric"
        },
        "sum": {
          "returnType": "numeric"
        },
        "var_pop": {
          "returnType": "numeric"
        },
        "var_samp": {
          "returnType": "numeric"
        },
        "variance": {
          "returnType": "numeric"
        }
      },
      "text": {
        "max": {
          "returnType": "text"
        },
        "min": {
          "returnType": "text"
        }
      },
      "timestamp": {
        "max": {
          "returnType": "timestamp"
        },
        "min": {
          "returnType": "timestamp"
        }
      },
      "varchar": {
        "max": {
          "returnType": "text"
        },
        "min": {
          "returnType": "text"
        }
      }
    },
    "comparisonOperators": {
      "Phone": {
        "_eq": {
          "operatorName": "=",
          "operatorKind": "equal",
          "argumentType": "Phone",
          "isInfix": true
        },
        "_gt": {
          "operatorName": ">",
          "operatorKind": "greaterThan",
          "argumentType": "Phone",
          "isInfix": true
        },
        "_gte": {
          "operatorName": ">=",
          "operatorKind": "greaterThanOrEqual",
          "argumentType": "Phone",
          "isInfix": true
        },
        "_ilike": {
          "operatorName": "~~*",
          "operatorKind": "custom",
          "argumentType": "Phone",
          "isInfix": true
        },
        "_in": {
          "operatorName": "IN",
          "operatorKind": "in",
          "argumentType": "Phone",
          "isInfix": true
        },
        "_iregex": {
          "operatorName": "~*",
          "operatorKind": "custom",
          "argumentType": "Phone",
          "isInfix": true
        },
        "_like": {
          "operatorName": "~~",
          "operatorKind": "custom",
          "argumentType": "Phone",
          "isInfix": true
        },
        "_lt": {
          "operatorName": "<",
          "operatorKind": "lessThan",
          "argumentType": "Phone",
          "isInfix": true
        },
        "_lte": {
          "operatorName": "<=",
          "operatorKind": "lessThanOrEqual",
          "argumentType": "Phone",
          "isInfix": true
        },
        "_neq": {
          "operatorName": "<>",
          "operatorKind": "custom",
          "argumentType": "Phone",
          "isInfix": true
        },
        "_nilike": {
          "operatorName": "!~~*",
          "operatorKind": "custom",
          "argumentType": "Phone",
          "isInfix": true
        },
        "_niregex": {
          "operatorName": "!~*",
          "operatorKind": "custom",
          "argumentType": "Phone",
          "isInfix": true
        },
        "_nlike": {
          "operatorName": "!~~",
          "operatorKind": "custom",
          "argumentType": "Phone",
          "isInfix": true
        },
        "_nregex": {
          "operatorName": "!~",
          "operatorKind": "custom",
          "argumentType": "Phone",
          "isInfix": true
        },
        "_regex": {
          "operatorName": "~",
          "operatorKind": "custom",
          "argumentType": "Phone",
          "isInfix": true
        },
        "st_coveredby": {
          "operatorName": "st_coveredby",
          "operatorKind": "custom",
          "argumentType": "Phone",
          "isInfix": false
        },
        "st_covers": {
          "operatorName": "st_covers",
          "operatorKind": "custom",
          "argumentType": "Phone",
          "isInfix": false
        },
        "st_intersects": {
          "operatorName": "st_intersects",
          "operatorKind": "custom",
          "argumentType": "Phone",
          "isInfix": false
        },
        "st_relatematch": {
          "operatorName": "st_relatematch",
          "operatorKind": "custom",
          "argumentType": "Phone",
          "isInfix": false
        },
        "starts_with": {
          "operatorName": "starts_with",
          "operatorKind": "custom",
          "argumentType": "Phone",
          "isInfix": false
        },
        "ts_match_tt": {
          "operatorName": "ts_match_tt",
          "operatorKind": "custom",
          "argumentType": "Phone",
          "isInfix": false
        }
      },
      "bool": {
        "_eq": {
          "operatorName": "=",
          "operatorKind": "equal",
          "argumentType": "bool",
          "isInfix": true
        },
        "_gt": {
          "operatorName": ">",
          "operatorKind": "greaterThan",
          "argumentType": "bool",
          "isInfix": true
        },
        "_gte": {
          "operatorName": ">=",
          "operatorKind": "greaterThanOrEqual",
          "argumentType": "bool",
          "isInfix": true
        },
        "_in": {
          "operatorName": "IN",
          "operatorKind": "in",
          "argumentType": "bool",
          "isInfix": true
        },
        "_lt": {
          "operatorName": "<",
          "operatorKind": "lessThan",
          "argumentType": "bool",
          "isInfix": true
        },
        "_lte": {
          "operatorName": "<=",
          "operatorKind": "lessThanOrEqual",
          "argumentType": "bool",
          "isInfix": true
        },
        "_neq": {
          "operatorName": "<>",
          "operatorKind": "custom",
          "argumentType": "bool",
          "isInfix": true
        }
      },
      "card_suit": {
        "_eq": {
          "operatorName": "=",
          "operatorKind": "equal",
          "argumentType": "card_suit",
          "isInfix": true
        },
        "_gt": {
          "operatorName": ">",
          "operatorKind": "greaterThan",
          "argumentType": "card_suit",
          "isInfix": true
        },
        "_gte": {
          "operatorName": ">=",
          "operatorKind": "greaterThanOrEqual",
          "argumentType": "card_suit",
          "isInfix": true
        },
        "_in": {
          "operatorName": "IN",
          "operatorKind": "in",
          "argumentType": "card_suit",
          "isInfix": true
        },
        "_lt": {
          "operatorName": "<",
          "operatorKind": "lessThan",
          "argumentType": "card_suit",
          "isInfix": true
        },
        "_lte": {
          "operatorName": "<=",
          "operatorKind": "lessThanOrEqual",
          "argumentType": "card_suit",
          "isInfix": true
        },
        "_neq": {
          "operatorName": "!=",
          "operatorKind": "custom",
          "argumentType": "card_suit",
          "isInfix": true
        }
      },
      "cidr": {
        "_eq": {
          "operatorName": "=",
          "operatorKind": "equal",
          "argumentType": "cidr",
          "isInfix": true
        },
        "_gt": {
          "operatorName": ">",
          "operatorKind": "greaterThan",
          "argumentType": "cidr",
          "isInfix": true
        },
        "_gte": {
          "operatorName": ">=",
          "operatorKind": "greaterThanOrEqual",
          "argumentType": "cidr",
          "isInfix": true
        },
        "_in": {
          "operatorName": "IN",
          "operatorKind": "in",
          "argumentType": "cidr",
          "isInfix": true
        },
        "_lt": {
          "operatorName": "<",
          "operatorKind": "lessThan",
          "argumentType": "cidr",
          "isInfix": true
        },
        "_lte": {
          "operatorName": "<=",
          "operatorKind": "lessThanOrEqual",
          "argumentType": "cidr",
          "isInfix": true
        },
        "_neq": {
          "operatorName": "<>",
          "operatorKind": "custom",
          "argumentType": "cidr",
          "isInfix": true
        },
        "inet_same_family": {
          "operatorName": "inet_same_family",
          "operatorKind": "custom",
          "argumentType": "cidr",
          "isInfix": false
        },
        "network_overlap": {
          "operatorName": "network_overlap",
          "operatorKind": "custom",
          "argumentType": "cidr",
          "isInfix": false
        },
        "network_sub": {
          "operatorName": "network_sub",
          "operatorKind": "custom",
          "argumentType": "cidr",
          "isInfix": false
        },
        "network_sup": {
          "operatorName": "network_sup",
          "operatorKind": "custom",
          "argumentType": "cidr",
          "isInfix": false
        }
      },
      "date": {
        "_eq": {
          "operatorName": "=",
          "operatorKind": "equal",
          "argumentType": "date",
          "isInfix": true
        },
        "_gt": {
          "operatorName": ">",
          "operatorKind": "greaterThan",
          "argumentType": "date",
          "isInfix": true
        },
        "_gte": {
          "operatorName": ">=",
          "operatorKind": "greaterThanOrEqual",
          "argumentType": "date",
          "isInfix": true
        },
        "_in": {
          "operatorName": "IN",
          "operatorKind": "in",
          "argumentType": "date",
          "isInfix": true
        },
        "_lt": {
          "operatorName": "<",
          "operatorKind": "lessThan",
          "argumentType": "date",
          "isInfix": true
        },
        "_lte": {
          "operatorName": "<=",
          "operatorKind": "lessThanOrEqual",
          "argumentType": "date",
          "isInfix": true
        },
        "_neq": {
          "operatorName": "<>",
          "operatorKind": "custom",
          "argumentType": "date",
          "isInfix": true
        }
      },
      "even_number": {
        "_eq": {
          "operatorName": "=",
          "operatorKind": "equal",
          "argumentType": "even_number",
          "isInfix": true
        },
        "_gt": {
          "operatorName": ">",
          "operatorKind": "greaterThan",
          "argumentType": "even_number",
          "isInfix": true
        },
        "_gte": {
          "operatorName": ">=",
          "operatorKind": "greaterThanOrEqual",
          "argumentType": "even_number",
          "isInfix": true
        },
        "_in": {
          "operatorName": "IN",
          "operatorKind": "in",
          "argumentType": "even_number",
          "isInfix": true
        },
        "_lt": {
          "operatorName": "<",
          "operatorKind": "lessThan",
          "argumentType": "even_number",
          "isInfix": true
        },
        "_lte": {
          "operatorName": "<=",
          "operatorKind": "lessThanOrEqual",
          "argumentType": "even_number",
          "isInfix": true
        },
        "_neq": {
          "operatorName": "<>",
          "operatorKind": "custom",
          "argumentType": "even_number",
          "isInfix": true
        }
      },
      "float8": {
        "_eq": {
          "operatorName": "=",
          "operatorKind": "equal",
          "argumentType": "float8",
          "isInfix": true
        },
        "_gt": {
          "operatorName": ">",
          "operatorKind": "greaterThan",
          "argumentType": "float8",
          "isInfix": true
        },
        "_gte": {
          "operatorName": ">=",
          "operatorKind": "greaterThanOrEqual",
          "argumentType": "float8",
          "isInfix": true
        },
        "_in": {
          "operatorName": "IN",
          "operatorKind": "in",
          "argumentType": "float8",
          "isInfix": true
        },
        "_lt": {
          "operatorName": "<",
          "operatorKind": "lessThan",
          "argumentType": "float8",
          "isInfix": true
        },
        "_lte": {
          "operatorName": "<=",
          "operatorKind": "lessThanOrEqual",
          "argumentType": "float8",
          "isInfix": true
        },
        "_neq": {
          "operatorName": "<>",
          "operatorKind": "custom",
          "argumentType": "float8",
          "isInfix": true
        }
      },
      "int2": {
        "_eq": {
          "operatorName": "=",
          "operatorKind": "equal",
          "argumentType": "int2",
          "isInfix": true
        },
        "_gt": {
          "operatorName": ">",
          "operatorKind": "greaterThan",
          "argumentType": "int2",
          "isInfix": true
        },
        "_gte": {
          "operatorName": ">=",
          "operatorKind": "greaterThanOrEqual",
          "argumentType": "int2",
          "isInfix": true
        },
        "_in": {
          "operatorName": "IN",
          "operatorKind": "in",
          "argumentType": "int2",
          "isInfix": true
        },
        "_lt": {
          "operatorName": "<",
          "operatorKind": "lessThan",
          "argumentType": "int2",
          "isInfix": true
        },
        "_lte": {
          "operatorName": "<=",
          "operatorKind": "lessThanOrEqual",
          "argumentType": "int2",
          "isInfix": true
        },
        "_neq": {
          "operatorName": "<>",
          "operatorKind": "custom",
          "argumentType": "int2",
          "isInfix": true
        }
      },
      "int4": {
        "_eq": {
          "operatorName": "=",
          "operatorKind": "equal",
          "argumentType": "int4",
          "isInfix": true
        },
        "_gt": {
          "operatorName": ">",
          "operatorKind": "greaterThan",
          "argumentType": "int4",
          "isInfix": true
        },
        "_gte": {
          "operatorName": ">=",
          "operatorKind": "greaterThanOrEqual",
          "argumentType": "int4",
          "isInfix": true
        },
        "_in": {
          "operatorName": "IN",
          "operatorKind": "in",
          "argumentType": "int4",
          "isInfix": true
        },
        "_lt": {
          "operatorName": "<",
          "operatorKind": "lessThan",
          "argumentType": "int4",
          "isInfix": true
        },
        "_lte": {
          "operatorName": "<=",
          "operatorKind": "lessThanOrEqual",
          "argumentType": "int4",
          "isInfix": true
        },
        "_neq": {
          "operatorName": "<>",
          "operatorKind": "custom",
          "argumentType": "int4",
          "isInfix": true
        }
      },
      "int8": {
        "_eq": {
          "operatorName": "=",
          "operatorKind": "equal",
          "argumentType": "int8",
          "isInfix": true
        },
        "_gt": {
          "operatorName": ">",
          "operatorKind": "greaterThan",
          "argumentType": "int8",
          "isInfix": true
        },
        "_gte": {
          "operatorName": ">=",
          "operatorKind": "greaterThanOrEqual",
          "argumentType": "int8",
          "isInfix": true
        },
        "_in": {
          "operatorName": "IN",
          "operatorKind": "in",
          "argumentType": "int8",
          "isInfix": true
        },
        "_lt": {
          "operatorName": "<",
          "operatorKind": "lessThan",
          "argumentType": "int8",
          "isInfix": true
        },
        "_lte": {
          "operatorName": "<=",
          "operatorKind": "lessThanOrEqual",
          "argumentType": "int8",
          "isInfix": true
        },
        "_neq": {
          "operatorName": "<>",
          "operatorKind": "custom",
          "argumentType": "int8",
          "isInfix": true
        }
      },
      "numeric": {
        "_eq": {
          "operatorName": "=",
          "operatorKind": "equal",
          "argumentType": "numeric",
          "isInfix": true
        },
        "_gt": {
          "operatorName": ">",
          "operatorKind": "greaterThan",
          "argumentType": "numeric",
          "isInfix": true
        },
        "_gte": {
          "operatorName": ">=",
          "operatorKind": "greaterThanOrEqual",
          "argumentType": "numeric",
          "isInfix": true
        },
        "_in": {
          "operatorName": "IN",
          "operatorKind": "in",
          "argumentType": "numeric",
          "isInfix": true
        },
        "_lt": {
          "operatorName": "<",
          "operatorKind": "lessThan",
          "argumentType": "numeric",
          "isInfix": true
        },
        "_lte": {
          "operatorName": "<=",
          "operatorKind": "lessThanOrEqual",
          "argumentType": "numeric",
          "isInfix": true
        },
        "_neq": {
          "operatorName": "<>",
          "operatorKind": "custom",
          "argumentType": "numeric",
          "isInfix": true
        }
      },
      "text": {
        "_eq": {
          "operatorName": "=",
          "operatorKind": "equal",
          "argumentType": "text",
          "isInfix": true
        },
        "_gt": {
          "operatorName": ">",
          "operatorKind": "greaterThan",
          "argumentType": "text",
          "isInfix": true
        },
        "_gte": {
          "operatorName": ">=",
          "operatorKind": "greaterThanOrEqual",
          "argumentType": "text",
          "isInfix": true
        },
        "_ilike": {
          "operatorName": "~~*",
          "operatorKind": "custom",
          "argumentType": "text",
          "isInfix": true
        },
        "_in": {
          "operatorName": "IN",
          "operatorKind": "in",
          "argumentType": "text",
          "isInfix": true
        },
        "_iregex": {
          "operatorName": "~*",
          "operatorKind": "custom",
          "argumentType": "text",
          "isInfix": true
        },
        "_like": {
          "operatorName": "~~",
          "operatorKind": "custom",
          "argumentType": "text",
          "isInfix": true
        },
        "_lt": {
          "operatorName": "<",
          "operatorKind": "lessThan",
          "argumentType": "text",
          "isInfix": true
        },
        "_lte": {
          "operatorName": "<=",
          "operatorKind": "lessThanOrEqual",
          "argumentType": "text",
          "isInfix": true
        },
        "_neq": {
          "operatorName": "<>",
          "operatorKind": "custom",
          "argumentType": "text",
          "isInfix": true
        },
        "_nilike": {
          "operatorName": "!~~*",
          "operatorKind": "custom",
          "argumentType": "text",
          "isInfix": true
        },
        "_niregex": {
          "operatorName": "!~*",
          "operatorKind": "custom",
          "argumentType": "text",
          "isInfix": true
        },
        "_nlike": {
          "operatorName": "!~~",
          "operatorKind": "custom",
          "argumentType": "text",
          "isInfix": true
        },
        "_nregex": {
          "operatorName": "!~",
          "operatorKind": "custom",
          "argumentType": "text",
          "isInfix": true
        },
        "_regex": {
          "operatorName": "~",
          "operatorKind": "custom",
          "argumentType": "text",
          "isInfix": true
        },
        "st_coveredby": {
          "operatorName": "st_coveredby",
          "operatorKind": "custom",
          "argumentType": "text",
          "isInfix": false
        },
        "st_covers": {
          "operatorName": "st_covers",
          "operatorKind": "custom",
          "argumentType": "text",
          "isInfix": false
        },
        "st_intersects": {
          "operatorName": "st_intersects",
          "operatorKind": "custom",
          "argumentType": "text",
          "isInfix": false
        },
        "st_relatematch": {
          "operatorName": "st_relatematch",
          "operatorKind": "custom",
          "argumentType": "text",
          "isInfix": false
        },
        "starts_with": {
          "operatorName": "starts_with",
          "operatorKind": "custom",
          "argumentType": "text",
          "isInfix": false
        },
        "ts_match_tt": {
          "operatorName": "ts_match_tt",
          "operatorKind": "custom",
          "argumentType": "text",
          "isInfix": false
        }
      },
      "timestamp": {
        "_eq": {
          "operatorName": "=",
          "operatorKind": "equal",
          "argumentType": "timestamp",
          "isInfix": true
        },
        "_gt": {
          "operatorName": ">",
          "operatorKind": "greaterThan",
          "argumentType": "timestamp",
          "isInfix": true
        },
        "_gte": {
          "operatorName": ">=",
          "operatorKind": "greaterThanOrEqual",
          "argumentType": "timestamp",
          "isInfix": true
        },
        "_in": {
          "operatorName": "IN",
          "operatorKind": "in",
          "argumentType": "timestamp",
          "isInfix": true
        },
        "_lt": {
          "operatorName": "<",
          "operatorKind": "lessThan",
          "argumentType": "timestamp",
          "isInfix": true
        },
        "_lte": {
          "operatorName": "<=",
          "operatorKind": "lessThanOrEqual",
          "argumentType": "timestamp",
          "isInfix": true
        },
        "_neq": {
          "operatorName": "<>",
          "operatorKind": "custom",
          "argumentType": "timestamp",
          "isInfix": true
        }
      },
      "varchar": {
        "_eq": {
          "operatorName": "=",
          "operatorKind": "equal",
          "argumentType": "varchar",
          "isInfix": true
        },
        "_gt": {
          "operatorName": ">",
          "operatorKind": "greaterThan",
          "argumentType": "varchar",
          "isInfix": true
        },
        "_gte": {
          "operatorName": ">=",
          "operatorKind": "greaterThanOrEqual",
          "argumentType": "varchar",
          "isInfix": true
        },
        "_ilike": {
          "operatorName": "~~*",
          "operatorKind": "custom",
          "argumentType": "varchar",
          "isInfix": true
        },
        "_in": {
          "operatorName": "IN",
          "operatorKind": "in",
          "argumentType": "varchar",
          "isInfix": true
        },
        "_iregex": {
          "operatorName": "~*",
          "operatorKind": "custom",
          "argumentType": "varchar",
          "isInfix": true
        },
        "_like": {
          "operatorName": "~~",
          "operatorKind": "custom",
          "argumentType": "varchar",
          "isInfix": true
        },
        "_lt": {
          "operatorName": "<",
          "operatorKind": "lessThan",
          "argumentType": "varchar",
          "isInfix": true
        },
        "_lte": {
          "operatorName": "<=",
          "operatorKind": "lessThanOrEqual",
          "argumentType": "varchar",
          "isInfix": true
        },
        "_neq": {
          "operatorName": "<>",
          "operatorKind": "custom",
          "argumentType": "varchar",
          "isInfix": true
        },
        "_nilike": {
          "operatorName": "!~~*",
          "operatorKind": "custom",
          "argumentType": "varchar",
          "isInfix": true
        },
        "_niregex": {
          "operatorName": "!~*",
          "operatorKind": "custom",
          "argumentType": "varchar",
          "isInfix": true
        },
        "_nlike": {
          "operatorName": "!~~",
          "operatorKind": "custom",
          "argumentType": "varchar",
          "isInfix": true
        },
        "_nregex": {
          "operatorName": "!~",
          "operatorKind": "custom",
          "argumentType": "varchar",
          "isInfix": true
        },
        "_regex": {
          "operatorName": "~",
          "operatorKind": "custom",
          "argumentType": "varchar",
          "isInfix": true
        },
        "st_coveredby": {
          "operatorName": "st_coveredby",
          "operatorKind": "custom",
          "argumentType": "varchar",
          "isInfix": false
        },
        "st_covers": {
          "operatorName": "st_covers",
          "operatorKind": "custom",
          "argumentType": "varchar",
          "isInfix": false
        },
        "st_intersects": {
          "operatorName": "st_intersects",
          "operatorKind": "custom",
          "argumentType": "varchar",
          "isInfix": false
        },
        "st_relatematch": {
          "operatorName": "st_relatematch",
          "operatorKind": "custom",
          "argumentType": "varchar",
          "isInfix": false
        },
        "starts_with": {
          "operatorName": "starts_with",
          "operatorKind": "custom",
          "argumentType": "varchar",
          "isInfix": false
        },
        "ts_match_tt": {
          "operatorName": "ts_match_tt",
          "operatorKind": "custom",
          "argumentType": "varchar",
          "isInfix": false
        }
      }
    },
    "typeRepresentations": {
      "Phone": "string",
      "bool": "boolean",
      "card_suit": {
        "enum": [
          "hearts",
          "clubs",
          "diamonds",
          "spades"
        ]
      },
      "date": "date",
      "even_number": "int32",
      "float8": "float64",
      "int2": "int16",
      "int4": "int32",
      "int8": "int64AsString",
      "numeric": "bigDecimalAsString",
      "text": "string",
      "timestamp": "timestamp",
      "varchar": "string"
    }
  },
  "introspectionOptions": {
    "excludedSchemas": [
      "information_schema",
      "pg_catalog",
      "tiger",
      "crdb_internal",
      "columnar",
      "columnar_internal",
      "_timescaledb_catalog",
      "_timescaledb_functions",
      "_timescaledb_internal",
      "_timescaledb_cache",
      "_timescaledb_config",
      "timescaledb_experimental",
      "timescaledb_information",
      "_timescaledb_debug"
    ],
    "unqualifiedSchemasForTables": [
      "public"
    ],
    "unqualifiedSchemasForTypesAndProcedures": [
      "public",
      "pg_catalog",
      "tiger",
      "auth",
      "pgsodium"
    ],
    "comparisonOperatorMapping": [
      {
        "operatorName": "=",
        "exposedName": "_eq",
        "operatorKind": "equal"
      },
      {
        "operatorName": "<=",
        "exposedName": "_lte",
        "operatorKind": "lessThanOrEqual"
      },
      {
        "operatorName": ">",
        "exposedName": "_gt",
        "operatorKind": "greaterThan"
      },
      {
        "operatorName": ">=",
        "exposedName": "_gte",
        "operatorKind": "greaterThanOrEqual"
      },
      {
        "operatorName": "<",
        "exposedName": "_lt",
        "operatorKind": "lessThan"
      },
      {
        "operatorName": "<>",
        "exposedName": "_neq",
        "operatorKind": "custom"
      },
      {
        "operatorName": "!=",
        "exposedName": "_neq",
        "operatorKind": "custom"
      },
      {
        "operatorName": "LIKE",
        "exposedName": "_like",
        "operatorKind": "custom"
      },
      {
        "operatorName": "NOT LIKE",
        "exposedName": "_nlike",
        "operatorKind": "custom"
      },
      {
        "operatorName": "ILIKE",
        "exposedName": "_ilike",
        "operatorKind": "custom"
      },
      {
        "operatorName": "NOT ILIKE",
        "exposedName": "_nilike",
        "operatorKind": "custom"
      },
      {
        "operatorName": "SIMILAR TO",
        "exposedName": "_similar",
        "operatorKind": "custom"
      },
      {
        "operatorName": "NOT SIMILAR TO",
        "exposedName": "_nsimilar",
        "operatorKind": "custom"
      },
      {
        "operatorName": "<>",
        "exposedName": "_neq",
        "operatorKind": "custom"
      },
      {
        "operatorName": "~~",
        "exposedName": "_like",
        "operatorKind": "custom"
      },
      {
        "operatorName": "!~~",
        "exposedName": "_nlike",
        "operatorKind": "custom"
      },
      {
        "operatorName": "~~*",
        "exposedName": "_ilike",
        "operatorKind": "custom"
      },
      {
        "operatorName": "!~~*",
        "exposedName": "_nilike",
        "operatorKind": "custom"
      },
      {
        "operatorName": "~",
        "exposedName": "_regex",
        "operatorKind": "custom"
      },
      {
        "operatorName": "!~",
        "exposedName": "_nregex",
        "operatorKind": "custom"
      },
      {
        "operatorName": "~*",
        "exposedName": "_iregex",
        "operatorKind": "custom"
      },
      {
        "operatorName": "!~*",
        "exposedName": "_niregex",
        "operatorKind": "custom"
      }
    ],
    "introspectPrefixFunctionComparisonOperators": [
      "box_above",
      "box_below",
      "box_contain",
      "box_contain_pt",
      "box_contained",
      "box_left",
      "box_overabove",
      "box_overbelow",
      "box_overlap",
      "box_overleft",
      "box_overright",
      "box_right",
      "box_same",
      "circle_above",
      "circle_below",
      "circle_contain",
      "circle_contain_pt",
      "circle_contained",
      "circle_left",
      "circle_overabove",
      "circle_overbelow",
      "circle_overlap",
      "circle_overleft",
      "circle_overright",
      "circle_right",
      "circle_same",
      "contains_2d",
      "equals",
      "geography_overlaps",
      "geometry_above",
      "geometry_below",
      "geometry_contained_3d",
      "geometry_contains",
      "geometry_contains_3d",
      "geometry_contains_nd",
      "geometry_left",
      "geometry_overabove",
      "geometry_overbelow",
      "geometry_overlaps",
      "geometry_overlaps_3d",
      "geometry_overlaps_nd",
      "geometry_overleft",
      "geometry_overright",
      "geometry_right",
      "geometry_same",
      "geometry_same_3d",
      "geometry_same_nd",
      "geometry_within",
      "geometry_within_nd",
      "inet_same_family",
      "inter_lb",
      "inter_sb",
      "inter_sl",
      "is_contained_2d",
      "ishorizontal",
      "isparallel",
      "isperp",
      "isvertical",
      "jsonb_contained",
      "jsonb_contains",
      "jsonb_exists",
      "jsonb_path_exists_opr",
      "jsonb_path_match_opr",
      "line_intersect",
      "line_parallel",
      "line_perp",
      "lseg_intersect",
      "lseg_parallel",
      "lseg_perp",
      "network_overlap",
      "network_sub",
      "network_sup",
      "on_pb",
      "on_pl",
      "on_ppath",
      "on_ps",
      "on_sb",
      "on_sl",
      "overlaps_2d",
      "path_contain_pt",
      "path_inter",
      "point_above",
      "point_below",
      "point_horiz",
      "point_left",
      "point_right",
      "point_vert",
      "poly_above",
      "poly_below",
      "poly_contain",
      "poly_contain_pt",
      "poly_contained",
      "poly_left",
      "poly_overabove",
      "poly_overbelow",
      "poly_overlap",
      "poly_overleft",
      "poly_overright",
      "poly_right",
      "poly_same",
      "pt_contained_poly",
      "st_3dintersects",
      "st_contains",
      "st_containsproperly",
      "st_coveredby",
      "st_covers",
      "st_crosses",
      "st_disjoint",
      "st_equals",
      "st_intersects",
      "st_isvalid",
      "st_orderingequals",
      "st_overlaps",
      "st_relatematch",
      "st_touches",
      "st_within",
      "starts_with",
      "ts_match_qv",
      "ts_match_tq",
      "ts_match_tt",
      "ts_match_vq",
      "tsq_mcontained",
      "tsq_mcontains",
      "xmlexists",
      "xmlvalidate",
      "xpath_exists"
    ]
  },
  "mutationsVersion": null
}
