---
source: crates/tests/databases-tests/src/postgres/explain_tests.rs
expression: queries
---
EXPLAIN WITH "%0_NATIVE_QUERY_insert_artist" AS (
  INSERT INTO
    public."Artist"
  VALUES
    (276, cast($1 as "pg_catalog"."varchar")) RETURNING *
)
SELECT
  json_build_object('result', row_to_json("%4_universe"), 'type', $2) AS "universe"
FROM
  (
    SELECT
      *
    FROM
      (
        SELECT
          coalesce(json_agg(row_to_json("%5_returning")), '[]') AS "returning"
        FROM
          (
            SELECT
              "%1_insert_artist"."ArtistId" AS "artist_id",
              "%1_insert_artist"."Name" AS "name"
            FROM
              "%0_NATIVE_QUERY_insert_artist" AS "%1_insert_artist"
          ) AS "%5_returning"
      ) AS "%5_returning"
      CROSS JOIN (
        SELECT
          COUNT(*) AS "affected_rows"
        FROM
          (
            SELECT
              "%2_insert_artist".*
            FROM
              "%0_NATIVE_QUERY_insert_artist" AS "%2_insert_artist"
          ) AS "%3_insert_artist"
      ) AS "%6_aggregates"
  ) AS "%4_universe"


EXPLAIN WITH "%0_NATIVE_QUERY_insert_album" AS (
  INSERT INTO
    public."Album"
  VALUES
(348, cast($1 as "pg_catalog"."varchar"), 276) RETURNING *
)
SELECT
  json_build_object('result', row_to_json("%8_universe"), 'type', $2) AS "universe"
FROM
  (
    SELECT
      *
    FROM
      (
        SELECT
          coalesce(json_agg(row_to_json("%9_returning")), '[]') AS "returning"
        FROM
          (
            SELECT
              "%1_insert_album"."AlbumId" AS "album_id",
              "%1_insert_album"."Title" AS "title",
              "%2_RELATIONSHIP_artist"."artist" AS "artist"
            FROM
              "%0_NATIVE_QUERY_insert_album" AS "%1_insert_album"
              LEFT OUTER JOIN LATERAL (
                SELECT
                  row_to_json("%2_RELATIONSHIP_artist") AS "artist"
                FROM
                  (
                    SELECT
                      *
                    FROM
                      (
                        SELECT
                          coalesce(json_agg(row_to_json("%4_rows")), '[]') AS "rows"
                        FROM
                          (
                            SELECT
                              "%3_Artist"."Name" AS "name"
                            FROM
                              "public"."Artist" AS "%3_Artist"
                            WHERE
                              (
                                "%1_insert_album"."ArtistId" = "%3_Artist"."ArtistId"
                              )
                          ) AS "%4_rows"
                      ) AS "%4_rows"
                  ) AS "%2_RELATIONSHIP_artist"
              ) AS "%2_RELATIONSHIP_artist" ON ('true')
          ) AS "%9_returning"
      ) AS "%9_returning"
      CROSS JOIN (
        SELECT
          COUNT(*) AS "affected_rows"
        FROM
          (
            SELECT
              "%6_insert_album".*
            FROM
              "%0_NATIVE_QUERY_insert_album" AS "%6_insert_album"
          ) AS "%7_insert_album"
      ) AS "%10_aggregates"
  ) AS "%8_universe"
