---
source: crates/tests/databases-tests/src/postgres/query_tests.rs
expression: result
---
[
  {
    "rows": [
      {
        "track": "Grito De Alerta",
        "public.Album": {
          "rows": [
            {
              "album": "Meus Momentos",
              "public.Artist": {
                "rows": [
                  {
                    "artist": "Gonzaguinha"
                  }
                ]
              }
            }
          ]
        }
      },
      {
        "track": "Não Dá Mais Pra Segurar (Explode Coração)",
        "public.Album": {
          "rows": [
            {
              "album": "Meus Momentos",
              "public.Artist": {
                "rows": [
                  {
                    "artist": "Gonzaguinha"
                  }
                ]
              }
            }
          ]
        }
      },
      {
        "track": "Começaria Tudo Outra Vez",
        "public.Album": {
          "rows": [
            {
              "album": "Meus Momentos",
              "public.Artist": {
                "rows": [
                  {
                    "artist": "Gonzaguinha"
                  }
                ]
              }
            }
          ]
        }
      },
      {
        "track": "O Que É O Que É ?",
        "public.Album": {
          "rows": [
            {
              "album": "Meus Momentos",
              "public.Artist": {
                "rows": [
                  {
                    "artist": "Gonzaguinha"
                  }
                ]
              }
            }
          ]
        }
      },
      {
        "track": "Sangrando",
        "public.Album": {
          "rows": [
            {
              "album": "Meus Momentos",
              "public.Artist": {
                "rows": [
                  {
                    "artist": "Gonzaguinha"
                  }
                ]
              }
            }
          ]
        }
      }
    ]
  }
]
