---
source: crates/tests/databases-tests/src/postgres/query_tests.rs
expression: result
---
[
  {
    "rows": [
      {
        "result": {
          "thing_a": {
            "field_a": 1,
            "field_b": 2
          },
          "thing_b": {
            "field_b": 2,
            "field_c": 3
          }
        }
      }
    ]
  }
]
