---
source: crates/tests/databases-tests/src/postgres/configuration_tests.rs
expression: result
---
{
  "sql": {
    "file": "test.sql"
  },
  "columns": {
    "result": {
      "name": "result",
      "type": {
        "scalarType": "int4"
      },
      "nullable": "nullable",
      "description": null
    }
  },
  "arguments": {
    "nested_array_param": {
      "name": "nested_array_param",
      "type": {
        "arrayType": {
          "scalarType": "int4"
        }
      },
      "nullable": "nonNullable",
      "description": null
    }
  },
  "description": null
}
