---
source: crates/tests/databases-tests/src/postgres/query_tests.rs
expression: result
---
[
  {
    "rows": [
      {
        "name": {
          "name": "Gollum",
          "popularity": "1"
        },
        "characters": {
          "members": [
            {
              "name": "Frodo",
              "popularity": "3"
            },
            {
              "name": "Sam",
              "popularity": "9000"
            }
          ],
          "name": "Mellowship"
        }
      }
    ]
  }
]
