---
source: crates/tests/databases-tests/src/yugabyte/query_tests.rs
expression: result
---
[
  {
    "rows": [
      {
        "Title": "Let There Be Rock",
        "public.Artist": {
          "rows": [
            {
              "Name": "AC/DC"
            }
          ]
        }
      },
      {
        "Title": "Big Ones",
        "public.Artist": {
          "rows": [
            {
              "Name": "Aerosmith"
            }
          ]
        }
      },
      {
        "Title": "Jagged Little Pill",
        "public.Artist": {
          "rows": [
            {
              "Name": "Alanis Morissette"
            }
          ]
        }
      },
      {
        "Title": "Facelift",
        "public.Artist": {
          "rows": [
            {
              "Name": "Alice In Chains"
            }
          ]
        }
      },
      {
        "Title": "Warner 25 Anos",
        "public.Artist": {
          "rows": [
            {
              "Name": "Antônio Carlos Jobim"
            }
          ]
        }
      }
    ]
  }
]
